BL51 BANKED LINKER/LOCATER V6.22                                                        03/10/2016  16:30:11  PAGE 1


BL51 BANKED LINKER/LOCATER V6.22, INVOKED BY:
C:\KEIL\C51\BIN\BL51.EXE STARTUP.obj, main.obj, usart.obj, key.obj, tm1629.obj, timer.obj, ds1302.obj, ev1527.obj, decod
>> er.obj, at24c256.obj, gd5800.obj, com.obj, printer.obj, pca.obj TO Receiver_keil RAMSIZE (256)


MEMORY MODEL: LARGE


INPUT MODULES INCLUDED:
  STARTUP.obj (?C_STARTUP)
  main.obj (MAIN)
  usart.obj (USART)
  key.obj (KEY)
  tm1629.obj (TM1629)
  timer.obj (TIMER)
  ds1302.obj (DS1302)
  ev1527.obj (EV1527)
  decoder.obj (DECODER)
  at24c256.obj (AT24C256)
  gd5800.obj (GD5800)
  com.obj (COM)
  printer.obj (PRINTER)
  pca.obj (PCA)
  C:\KEIL\C51\LIB\C51L.LIB (?C_INIT)
  C:\KEIL\C51\LIB\C51L.LIB (?C?COPY)
  C:\KEIL\C51\LIB\C51L.LIB (?C?CLDPTR)
  C:\KEIL\C51\LIB\C51L.LIB (?C?CLDOPTR)
  C:\KEIL\C51\LIB\C51L.LIB (?C?CSTPTR)
  C:\KEIL\C51\LIB\C51L.LIB (?C?CSTOPTR)
  C:\KEIL\C51\LIB\C51L.LIB (?C?IMUL)
  C:\KEIL\C51\LIB\C51L.LIB (?C?UIDIV)
  C:\KEIL\C51\LIB\C51L.LIB (?C?ILDIX)
  C:\KEIL\C51\LIB\C51L.LIB (?C?ULCMP)
  C:\KEIL\C51\LIB\C51L.LIB (?C?LSHL)
  C:\KEIL\C51\LIB\C51L.LIB (?C?LLDPTR)
  C:\KEIL\C51\LIB\C51L.LIB (?C?LLDOPTR)
  C:\KEIL\C51\LIB\C51L.LIB (?C?LSTPTR)
  C:\KEIL\C51\LIB\C51L.LIB (?C?LSTXDATA)
  C:\KEIL\C51\LIB\C51L.LIB (?C?CCASE)
  C:\KEIL\C51\LIB\C51L.LIB (?C?ICALL)
  C:\KEIL\C51\LIB\C51L.LIB (?C?STRCMP)
  C:\KEIL\C51\LIB\C51L.LIB (?C?MEMSET)
  C:\KEIL\C51\LIB\C51L.LIB (VSPRINTF)
  C:\KEIL\C51\LIB\C51L.LIB (?C?LLDIDATA)
  C:\KEIL\C51\LIB\C51L.LIB (?C?LLDXDATA)
  C:\KEIL\C51\LIB\C51L.LIB (?C?LLDPDATA)
  C:\KEIL\C51\LIB\C51L.LIB (?C?LLDCODE)
  C:\KEIL\C51\LIB\C51L.LIB (?C?LSTIDATA)
  C:\KEIL\C51\LIB\C51L.LIB (?C?LSTPDATA)
  C:\KEIL\C51\LIB\C51L.LIB (PRINTF)
  C:\KEIL\C51\LIB\C51L.LIB (?C?PLDIXDATA)
  C:\KEIL\C51\LIB\C51L.LIB (?C?PSTXDATA)
  C:\KEIL\C51\LIB\C51L.LIB (PUTCHAR)


LINK MAP OF MODULE:  Receiver_keil (?C_STARTUP)


BL51 BANKED LINKER/LOCATER V6.22                                                      03/10/2016  16:30:11  PAGE 2


            TYPE    BASE      LENGTH    RELOCATION   SEGMENT NAME
            -----------------------------------------------------

            * * * * * * *   D A T A   M E M O R Y   * * * * * * *
            REG     0000H     0008H     ABSOLUTE     "REG BANK 0"
            REG     0008H     0008H     ABSOLUTE     "REG BANK 1"
            DATA    0010H     0005H     UNIT         ?DT?PRINTF?PRINTF
                    0015H     000BH                  *** GAP ***
            BIT     0020H.0   0001H.1   UNIT         ?BI?PRINTF?PRINTF
            BIT     0021H.1   0000H.1   UNIT         ?BI?USART
            BIT     0021H.2   0000H.1   UNIT         ?BI?AT24C256
            BIT     0021H.3   0000H.1   UNIT         ?BI?PCA
                    0021H.4   0000H.4                *** GAP ***
            IDATA   0022H     0001H     UNIT         ?STACK

            * * * * * * *  X D A T A   M E M O R Y  * * * * * * *
            XDATA   0000H     03A5H     UNIT         ?XD?TM1629
            XDATA   03A5H     012EH     UNIT         ?XD?_UART_PRINTF?USART
            XDATA   04D3H     00B1H     UNIT         ?XD?DECODER
            XDATA   0584H     0050H     UNIT         _XDATA_GROUP_
            XDATA   05D4H     004BH     UNIT         ?XD?KEY
            XDATA   061FH     0028H     UNIT         ?XD?PRINTF?PRINTF
            XDATA   0647H     0025H     UNIT         ?XD?EV1527
            XDATA   066CH     0013H     UNIT         ?XD?USART
            XDATA   067FH     0010H     UNIT         ?XD?DS1302
            XDATA   068FH     0010H     UNIT         ?XD?AT24C256
            XDATA   069FH     000EH     UNIT         ?XD?TIMER
            XDATA   06ADH     000BH     UNIT         ?XD?_MCU_TO_COMPUTER?COM
            XDATA   06B8H     0009H     UNIT         ?XD?PCA
            XDATA   06C1H     0006H     UNIT         ?XD?_VSPRINTF?VSPRINTF
            XDATA   06C7H     0003H     UNIT         ?XD?_USART1_SENDSTRING?USART
            XDATA   06CAH     0003H     UNIT         ?XD?_USART2_SENDSTRING?USART
            XDATA   06CDH     0003H     UNIT         ?XD?_SENDSTRING?USART
            XDATA   06D0H     0001H     UNIT         ?XD?_PRINTER58MM_SETMODE?PRINTER

            * * * * * * *   C O D E   M E M O R Y   * * * * * * *
            CODE    0000H     0003H     ABSOLUTE     
            CODE    0003H     0003H     ABSOLUTE     
            CODE    0006H     0005H     UNIT         ?PR?FUN1?TM1629
            CODE    000BH     0003H     ABSOLUTE     
            CODE    000EH     000DH     UNIT         ?PR?FUN14?TM1629
            CODE    001BH     0003H     ABSOLUTE     
            CODE    001EH     0005H     UNIT         ?PR?FUN11?TM1629
            CODE    0023H     0003H     ABSOLUTE     
            CODE    0026H     0015H     UNIT         ?PR?FUN103?TM1629
            CODE    003BH     0003H     ABSOLUTE     
            CODE    003EH     0005H     UNIT         ?PR?FUN12?TM1629
            CODE    0043H     0003H     ABSOLUTE     
            CODE    0046H     10D5H     UNIT         ?PR?KEYPROCESS?KEY
            CODE    111BH     0ADAH     UNIT         ?PR?DECODERPROCESS?DECODER
            CODE    1BF5H     0777H     UNIT         ?PR?KEYSCAN?KEY
            CODE    236CH     062AH     UNIT         ?C_INITSEG
            CODE    2996H     04E6H     UNIT         ?C?LIB_CODE
            CODE    2E7CH     0365H     UNIT         ?PR?PRINTF?PRINTF
            CODE    31E1H     035BH     UNIT         ?CO?KEY
            CODE    353CH     02AEH     UNIT         ?PR?RF_DECODE_MAIN_SJZ_TEST?EV1527
            CODE    37EAH     025AH     UNIT         ?PR?_SUBMENUF6_1?GD5800
BL51 BANKED LINKER/LOCATER V6.22                                                      03/10/2016  16:30:11  PAGE 3


            CODE    3A44H     0229H     UNIT         ?PR?_CANCEL_FUNTION?TM1629
            CODE    3C6DH     0207H     UNIT         ?PR?TM1629_READ_KEY?TM1629
            CODE    3E74H     01E0H     UNIT         ?PR?_SENDIRDATA?PCA
            CODE    4054H     01DEH     UNIT         ?PR?RF_DECODE_MAIN?EV1527
            CODE    4232H     01D5H     UNIT         ?PR?_MCURAM_TO_DISPLAYRAM?TM1629
            CODE    4407H     01CDH     UNIT         ?PR?PRINTER58MM_PRINT?PRINTER
            CODE    45D4H     01CAH     UNIT         ?PR?_MCU_TO_COMPUTER?COM
            CODE    479EH     01A9H     UNIT         ?PR?DISPLAY_TIME?TM1629
            CODE    4947H     01A3H     UNIT         ?PR?ENV_INIT?KEY
            CODE    4AEAH     017CH     UNIT         ?PR?CYCLEPROCESS?TM1629
            CODE    4C66H     0170H     UNIT         ?PR?_SEARCH_FUNTION?TM1629
            CODE    4DD6H     014BH     UNIT         ?PR?RECEIVE_RF_DECODER?EV1527
            CODE    4F21H     0147H     UNIT         ?PR?_SUBMENUF6_1_VOICESELECT?GD5800
            CODE    5068H     0146H     UNIT         ?PR?KEYDECODER?KEY
            CODE    51AEH     013BH     UNIT         ?PR?TIMER0_ISR?TIMER
            CODE    52E9H     0138H     UNIT         ?PR?_REGISTER_ALARM_FUNCTION?AT24C256
            CODE    5421H     0138H     UNIT         ?PR?_REGISTER_CANCEL_FUNCTION?AT24C256
            CODE    5559H     0131H     UNIT         ?PR?_REGISTER_HOST_FUNCTION?AT24C256
            CODE    568AH     012BH     UNIT         ?PR?_DELETE_ALARM_FUNCTION?AT24C256
            CODE    57B5H     012BH     UNIT         ?PR?_DELETE_CANCEL_FUNCTION?AT24C256
            CODE    58E0H     0126H     UNIT         ?PR?_REGISTER_CALL_FUNCTION?AT24C256
            CODE    5A06H     0124H     UNIT         ?PR?TM1629_LOAD?TM1629
            CODE    5B2AH     0124H     UNIT         ?PR?_DELETE_HOST_FUNCTION?AT24C256
            CODE    5C4EH     0114H     UNIT         ?PR?_DELETE_CALL_FUNCTION?AT24C256
            CODE    5D62H     00F9H     UNIT         ?PR?CYCLEDOWN?TM1629
            CODE    5E5BH     00DBH     UNIT         ?PR?_DECODER_TEMP_TO_MCURAM?TM1629
            CODE    5F36H     00D3H     UNIT         ?PR?_FIND_RF_EEPROM_HOST?AT24C256
            CODE    6009H     00D3H     UNIT         ?PR?_FIND_RF_EEPROM_ALARM?AT24C256
            CODE    60DCH     00D3H     UNIT         ?PR?_FIND_RF_EEPROM_CANCEL?AT24C256
            CODE    61AFH     00D0H     UNIT         ?PR?LOGOUTPROCESS?TM1629
            CODE    627FH     00CCH     UNIT         ?PR?_FIND_RF_EEPROM_CALL?AT24C256
            CODE    634BH     00C8H     UNIT         ?PR?_AWAIT_VOICE_ARRAY_FORWARD?DECODER
            CODE    6413H     00C3H     UNIT         ?PR?FUN105?TM1629
            CODE    64D6H     00C1H     UNIT         ?PR?UART?USART
            CODE    6597H     00B9H     UNIT         ?PR?_TRANSMIT_SHOW_FOUR_NUMBER?TM1629
            CODE    6650H     00B8H     UNIT         ?PR?CYCLEUP?TM1629
            CODE    6708H     00ABH     UNIT         ?PR?AWAIT_VOICE_PROCESS?DECODER
            CODE    67B3H     00A0H     UNIT         ?CO?AT24C256
            CODE    6853H     009CH     UNIT         ?PR?_AWAIT_VOICE_PUT?DECODER
            CODE    68EFH     009BH     UNIT         ?PR?_VOICE_DISPLAY_SYNCHRONOUS_FUNTION?DECODER
            CODE    698AH     0098H     UNIT         ?PR?ENV_LOAD?KEY
            CODE    6A22H     0098H     UNIT         ?PR?TRANSMIT_SHOW_WAIT_NUMBER?TM1629
            CODE    6ABAH     0095H     UNIT         ?PR?FUN106?TM1629
            CODE    6B4FH     0094H     UNIT         ?PR?LOGOUT?TM1629
            CODE    6BE3H     0092H     UNIT         ?PR?UART2?USART
            CODE    6C75H     0092H     UNIT         ?PR?DISPLAY?TM1629
            CODE    6D07H     008FH     UNIT         ?PR?DS1302_WRITE_TIME?DS1302
            CODE    6D96H     008CH     UNIT         ?C_C51STARTUP
            CODE    6E22H     0077H     UNIT         ?PR?DS1302_READ_TIME?DS1302
            CODE    6E99H     0076H     UNIT         ?PR?_IRCVSTR?AT24C256
            CODE    6F0FH     0069H     UNIT         ?PR?_TRANSMIT_SHOW_THREE_NUMBER?TM1629
            CODE    6F78H     0069H     UNIT         ?PR?_FIND_RF_EEPROM?AT24C256
            CODE    6FE1H     005FH     UNIT         ?PR?TM1629_INIT?TM1629
            CODE    7040H     005FH     UNIT         ?PR?_SHOW_THREE_NUMBER?TM1629
            CODE    709FH     005CH     UNIT         ?PR?DELETE_ALL_DATA?AT24C256
            CODE    70FBH     0059H     UNIT         ?PR?_SHOW_FOUR_NUMBER?TM1629
            CODE    7154H     0058H     UNIT         ?PR?TRANSMIT_SHOW_TWO_NUMBER?TM1629
BL51 BANKED LINKER/LOCATER V6.22                                                      03/10/2016  16:30:11  PAGE 4


            CODE    71ACH     0055H     UNIT         ?PR?_UART_PRINTF?USART
            CODE    7201H     0055H     UNIT         ?PR?VAR_INIT?KEY
            CODE    7256H     0055H     UNIT         ?PR?_ISENDSTR?AT24C256
            CODE    72ABH     0053H     UNIT         ?PR?_MCURAM_TO_MCURAM_UP?TM1629
            CODE    72FEH     0051H     UNIT         ?PR?TIMER1_ISR?TIMER
            CODE    734FH     0050H     UNIT         ?PR?_TRANSMIT_SET_DATA?KEY
            CODE    739FH     0050H     UNIT         ?PR?FUN49?TM1629
            CODE    73EFH     004FH     UNIT         ?PR?_AWAIT_VOICE_GET?DECODER
            CODE    743EH     004EH     UNIT         ?PR?_MCURAM_TO_MCURAM_DOWN?TM1629
            CODE    748CH     004EH     UNIT         ?PR?FUN95?TM1629
            CODE    74DAH     004DH     UNIT         ?PR?PCA_TIMER_INIT?PCA
            CODE    7527H     004CH     UNIT         ?PR?PCA_ISR?PCA
            CODE    7573H     004AH     UNIT         ?PR?FUN15?TM1629
            CODE    75BDH     004AH     UNIT         ?PR?_VSPRINTF?VSPRINTF
            CODE    7607H     0048H     UNIT         ?PR?_DISPLAY_LIGHT?TM1629
            CODE    764FH     0041H     UNIT         ?PR?_AWAIT_VOICE_CYCLE_UP?DECODER
            CODE    7690H     003FH     UNIT         ?PR?_DS1302_WRITE_BYTE?DS1302
            CODE    76CFH     003FH     UNIT         ?PR?_DS1302_READ_BYTE?DS1302
            CODE    770EH     003DH     UNIT         ?PR?_SENDBYTE?AT24C256
            CODE    774BH     003CH     UNIT         ?PR?KEY_INIT?KEY
            CODE    7787H     003AH     UNIT         ?PR?FUN93?TM1629
            CODE    77C1H     003AH     UNIT         ?PR?_GD5800_SELECT_CHAPTER_NEW?GD5800
            CODE    77FBH     0038H     UNIT         ?PR?TM1629_AWAIT?TM1629
            CODE    7833H     0038H     UNIT         ?PR?FUN16?TM1629
            CODE    786BH     0038H     UNIT         ?PR?FUN17?TM1629
            CODE    78A3H     0036H     UNIT         ?PR?FUN94?TM1629
            CODE    78D9H     0033H     UNIT         ?PR?_USART1_SENDSTRING?USART
            CODE    790CH     0033H     UNIT         ?PR?_USART2_SENDSTRING?USART
            CODE    793FH     0033H     UNIT         ?PR?_SENDSTRING?USART
            CODE    7972H     0033H     UNIT         ?PR?_GD5800_SELECT_CHAPTER?GD5800
            CODE    79A5H     0031H     UNIT         ?PR?FUN20?TM1629
            CODE    79D6H     0030H     UNIT         ?PR?_SHOW_TWO_NUMBER?TM1629
            CODE    7A06H     002FH     UNIT         ?PR?MAIN?MAIN
            CODE    7A35H     002BH     UNIT         ?PR?_WRITEDATATO1629?TM1629
            CODE    7A60H     002BH     UNIT         ?PR?_WRITEDATATO1629_2?TM1629
            CODE    7A8BH     002BH     UNIT         ?PR?_WRITEDATATO1629_3?TM1629
            CODE    7AB6H     0029H     UNIT         ?PR?TM1629_CLEAR?TM1629
            CODE    7ADFH     0028H     UNIT         ?PR?FUN19?TM1629
            CODE    7B07H     0028H     UNIT         ?PR?FUN54?TM1629
            CODE    7B2FH     0028H     UNIT         ?PR?FUN55?TM1629
            CODE    7B57H     0028H     UNIT         ?PR?FUN56?TM1629
            CODE    7B7FH     0028H     UNIT         ?PR?FUN58?TM1629
            CODE    7BA7H     0028H     UNIT         ?PR?FUN59?TM1629
            CODE    7BCFH     0028H     UNIT         ?PR?FUN60?TM1629
            CODE    7BF7H     0028H     UNIT         ?PR?FUN62?TM1629
            CODE    7C1FH     0028H     UNIT         ?PR?FUN63?TM1629
            CODE    7C47H     0028H     UNIT         ?PR?FUN64?TM1629
            CODE    7C6FH     0028H     UNIT         ?PR?FUN66?TM1629
            CODE    7C97H     0028H     UNIT         ?PR?FUN67?TM1629
            CODE    7CBFH     0028H     UNIT         ?PR?FUN68?TM1629
            CODE    7CE7H     0028H     UNIT         ?PR?FUN70?TM1629
            CODE    7D0FH     0028H     UNIT         ?PR?FUN71?TM1629
            CODE    7D37H     0028H     UNIT         ?PR?FUN72?TM1629
            CODE    7D5FH     0028H     UNIT         ?PR?FUN74?TM1629
            CODE    7D87H     0028H     UNIT         ?PR?FUN75?TM1629
            CODE    7DAFH     0028H     UNIT         ?PR?FUN76?TM1629
            CODE    7DD7H     0028H     UNIT         ?PR?FUN78?TM1629
BL51 BANKED LINKER/LOCATER V6.22                                                      03/10/2016  16:30:11  PAGE 5


            CODE    7DFFH     0028H     UNIT         ?PR?FUN79?TM1629
            CODE    7E27H     0028H     UNIT         ?PR?FUN80?TM1629
            CODE    7E4FH     0027H     UNIT         ?PR?PUTCHAR?PUTCHAR
            CODE    7E76H     0026H     UNIT         ?PR?_GLOBAL_DISPLAY?TM1629
            CODE    7E9CH     0025H     UNIT         ?PR?FUN89?TM1629
            CODE    7EC1H     0025H     UNIT         ?PR?RCVBYTE?AT24C256
            CODE    7EE6H     0024H     UNIT         ?PR?FUN0?TM1629
            CODE    7F0AH     0024H     UNIT         ?PR?FUN18?TM1629
            CODE    7F2EH     0023H     UNIT         ?PR?USARTINIT?USART
            CODE    7F51H     0023H     UNIT         ?PR?FUN57?TM1629
            CODE    7F74H     0023H     UNIT         ?PR?FUN61?TM1629
            CODE    7F97H     0023H     UNIT         ?PR?FUN65?TM1629
            CODE    7FBAH     0023H     UNIT         ?PR?FUN69?TM1629
            CODE    7FDDH     0023H     UNIT         ?PR?FUN73?TM1629
            CODE    8000H     0023H     UNIT         ?PR?FUN77?TM1629
            CODE    8023H     0023H     UNIT         ?PR?FUN81?TM1629
            CODE    8046H     0022H     UNIT         ?PR?FUN50?TM1629
            CODE    8068H     0022H     UNIT         ?PR?FUN51?TM1629
            CODE    808AH     0022H     UNIT         ?PR?FUN52?TM1629
            CODE    80ACH     0021H     UNIT         ?PR?_GD5800_SOUND_VOLUME?GD5800
            CODE    80CDH     0020H     UNIT         ?CO?TM1629
            CODE    80EDH     001FH     UNIT         ?PR?_TM1629_F?TM1629
            CODE    810CH     001FH     UNIT         ?PR?_TM1629_E?TM1629
            CODE    812BH     001EH     UNIT         ?PR?FUN2?TM1629
            CODE    8149H     001EH     UNIT         ?PR?FUN3?TM1629
            CODE    8167H     001EH     UNIT         ?PR?FUN4?TM1629
            CODE    8185H     001EH     UNIT         ?PR?FUN5?TM1629
            CODE    81A3H     001EH     UNIT         ?PR?FUN6?TM1629
            CODE    81C1H     001EH     UNIT         ?PR?FUN7?TM1629
            CODE    81DFH     001EH     UNIT         ?PR?FUN8?TM1629
            CODE    81FDH     001EH     UNIT         ?PR?FUN9?TM1629
            CODE    821BH     001EH     UNIT         ?PR?FUN10?TM1629
            CODE    8239H     001DH     UNIT         ?PR?FUN53?TM1629
            CODE    8256H     001DH     UNIT         ?PR?FUN87?TM1629
            CODE    8273H     001CH     UNIT         ?PR?RF_INI_RECEIVE?EV1527
            CODE    828FH     001AH     UNIT         ?PR?FUN46?TM1629
            CODE    82A9H     0019H     UNIT         ?PR?_SEND_COMMAND_2?TM1629
            CODE    82C2H     0019H     UNIT         ?PR?_SEND_COMMAND_3?TM1629
            CODE    82DBH     0019H     UNIT         ?PR?GD5800_INITIALIZATION?GD5800
            CODE    82F4H     0017H     UNIT         ?PR?_SHOW_ONE_NUMBER?TM1629
            CODE    830BH     0017H     UNIT         ?PR?_PRINTER58MM_SETMODE?PRINTER
            CODE    8322H     0016H     UNIT         ?PR?_SEND_COMMAND?TM1629
            CODE    8338H     0016H     UNIT         ?PR?SHOW_OFF?TM1629
            CODE    834EH     0016H     UNIT         ?PR?START_I2C?AT24C256
            CODE    8364H     0015H     UNIT         ?PR?_DELAYMS?AT24C256
            CODE    8379H     0014H     UNIT         ?PR?_DELAYMULTI10MS?KEY
            CODE    838DH     0014H     UNIT         ?PR?SHOW_ON?TM1629
            CODE    83A1H     0014H     UNIT         ?PR?GD5800_STOP_MUSIC?GD5800
            CODE    83B5H     0014H     UNIT         ?PR?GD5800_PLAY_MUSIC?GD5800
            CODE    83C9H     0013H     UNIT         ?PR?RETURN_TWO_MENU_F8_E1?KEY
            CODE    83DCH     0013H     UNIT         ?PR?RETURN_TWO_MENU_FC_E1?KEY
            CODE    83EFH     0013H     UNIT         ?PR?RETURN_TWO_MENU_FB_E1?KEY
            CODE    8402H     0012H     UNIT         ?PR?_TM1629_DELAY?TM1629
            CODE    8414H     0012H     UNIT         ?PR?FUN21?TM1629
            CODE    8426H     0012H     UNIT         ?PR?FUN22?TM1629
            CODE    8438H     0012H     UNIT         ?PR?FUN23?TM1629
            CODE    844AH     0012H     UNIT         ?PR?FUN24?TM1629
BL51 BANKED LINKER/LOCATER V6.22                                                      03/10/2016  16:30:11  PAGE 6


            CODE    845CH     0012H     UNIT         ?PR?FUN25?TM1629
            CODE    846EH     0012H     UNIT         ?PR?FUN26?TM1629
            CODE    8480H     0012H     UNIT         ?PR?FUN27?TM1629
            CODE    8492H     0012H     UNIT         ?PR?FUN28?TM1629
            CODE    84A4H     0011H     UNIT         ?PR?FUN104?TM1629
            CODE    84B5H     0011H     UNIT         ?PR?STOP_I2C?AT24C256
            CODE    84C6H     0011H     UNIT         ?PR?ACK_I2C?AT24C256
            CODE    84D7H     0011H     UNIT         ?PR?NOACK_I2C?AT24C256
            CODE    84E8H     0010H     UNIT         ?PR?INIT_TIMER0?TIMER
            CODE    84F8H     000FH     UNIT         ?CO?USART
            CODE    8507H     000EH     UNIT         ?PR?DELAY10MS?KEY
            CODE    8515H     000EH     UNIT         ?PR?FUN42?TM1629
            CODE    8523H     000EH     UNIT         ?PR?INIT_TIMER1?TIMER
            CODE    8531H     000BH     UNIT         ?PR?TM1629_DISPLAY_BUFF_CLEAR?TM1629
            CODE    853CH     000BH     UNIT         ?PR?_SET_FD_TABLE?TIMER
            CODE    8547H     000BH     UNIT         ?PR?_SET_FILTER_MAIN?TIMER
            CODE    8552H     000BH     UNIT         ?PR?DS1302_INIT?DS1302
            CODE    855DH     0009H     UNIT         ?PR?_USART1_SENDDATA?USART
            CODE    8566H     0009H     UNIT         ?PR?_USART2_SENDDATA?USART
            CODE    856FH     0009H     UNIT         ?PR?_SENDDATA?USART
            CODE    8578H     0009H     UNIT         ?PR?RETURN_RF_TRANS_COUNT?EV1527
            CODE    8581H     0008H     UNIT         ?PR?FUN31?TM1629
            CODE    8589H     0008H     UNIT         ?PR?FUN32?TM1629
            CODE    8591H     0008H     UNIT         ?PR?FUN47?TM1629
            CODE    8599H     0008H     UNIT         ?PR?FUN48?TM1629
            CODE    85A1H     0008H     UNIT         ?PR?FUN82?TM1629
            CODE    85A9H     0008H     UNIT         ?PR?FUN83?TM1629
            CODE    85B1H     0008H     UNIT         ?PR?FUN84?TM1629
            CODE    85B9H     0008H     UNIT         ?PR?FUN85?TM1629
            CODE    85C1H     0008H     UNIT         ?PR?FUN86?TM1629
            CODE    85C9H     0008H     UNIT         ?PR?FUN88?TM1629
            CODE    85D1H     0008H     UNIT         ?PR?FUN90?TM1629
            CODE    85D9H     0008H     UNIT         ?PR?FUN91?TM1629
            CODE    85E1H     0008H     UNIT         ?PR?FUN92?TM1629
            CODE    85E9H     0008H     UNIT         ?PR?FUN97?TM1629
            CODE    85F1H     0008H     UNIT         ?PR?FUN99?TM1629
            CODE    85F9H     0008H     UNIT         ?PR?FUN101?TM1629
            CODE    8601H     0008H     UNIT         ?PR?EXINT0?EV1527
            CODE    8609H     0007H     UNIT         ?PR?EXINT0_INIT?EV1527
            CODE    8610H     0006H     UNIT         ?PR?RETURN_FUNC_INDEX?KEY
            CODE    8616H     0006H     UNIT         ?PR?_SET_FUNC_INDEX?KEY
            CODE    861CH     0006H     UNIT         ?PR?RETURN_TWO_MENU_F3_E1?KEY
            CODE    8622H     0006H     UNIT         ?PR?RETURN_TWO_MENU_F3_E2?KEY
            CODE    8628H     0006H     UNIT         ?PR?RETURN_TWO_MENU_F4_E1?KEY
            CODE    862EH     0006H     UNIT         ?PR?RETURN_TWO_MENU_F5_E1?KEY
            CODE    8634H     0006H     UNIT         ?PR?RETURN_TWO_MENU_F6_E1?KEY
            CODE    863AH     0006H     UNIT         ?PR?RETURN_TWO_MENU_F6_E2?KEY
            CODE    8640H     0006H     UNIT         ?PR?RETURN_TWO_MENU_F6_E3?KEY
            CODE    8646H     0006H     UNIT         ?PR?RETURN_TWO_MENU_F6_E4?KEY
            CODE    864CH     0006H     UNIT         ?PR?RETURN_TWO_MENU_F6_E5?KEY
            CODE    8652H     0006H     UNIT         ?PR?RETURN_TWO_MENU_F6_E6?KEY
            CODE    8658H     0006H     UNIT         ?PR?RETURN_TWO_MENU_F6_E7?KEY
            CODE    865EH     0006H     UNIT         ?PR?RETURN_TWO_MENU_F6_E8?KEY
            CODE    8664H     0006H     UNIT         ?PR?RETURN_TWO_MENU_F7_E1?KEY
            CODE    866AH     0006H     UNIT         ?PR?RETURN_TWO_MENU_F7_E2?KEY
            CODE    8670H     0006H     UNIT         ?PR?RETURN_TWO_MENU_F7_E3?KEY
            CODE    8676H     0006H     UNIT         ?PR?RETURN_TWO_MENU_F7_E4?KEY
BL51 BANKED LINKER/LOCATER V6.22                                                      03/10/2016  16:30:11  PAGE 7


            CODE    867CH     0006H     UNIT         ?PR?RETURN_TWO_MENU_F8_E2?KEY
            CODE    8682H     0006H     UNIT         ?PR?RETURN_SOUND_TABLE?KEY
            CODE    8688H     0006H     UNIT         ?PR?_SET_SOUND_TABLE?KEY
            CODE    868EH     0006H     UNIT         ?PR?RETURN_AWAIT_NUMBER_TABLE?TIMER
            CODE    8694H     0006H     UNIT         ?PR?_SET_AWAIT_NUMBER_TABLE?TIMER
            CODE    869AH     0006H     UNIT         ?PR?_SET_MAIN_PRESS_TIME_TABLE?TIMER
            CODE    86A0H     0006H     UNIT         ?PR?RETURN_MAIN_PRESS_TIME?TIMER
            CODE    86A6H     0006H     UNIT         ?PR?CLEAR_MAIN_PRESS_TIME?TIMER
            CODE    86ACH     0006H     UNIT         ?PR?RETURN_LOGOUT_CYCLE_TABLE?TIMER
            CODE    86B2H     0006H     UNIT         ?PR?_SET_LOGOUT_CYCLE_TABLE?TIMER
            CODE    86B8H     0006H     UNIT         ?PR?CLEAR_RETURN_STANDBY_TIME?TIMER
            CODE    86BEH     0006H     UNIT         ?PR?_SET_MAIN_PRESS_TIME?TIMER
            CODE    86C4H     0006H     UNIT         ?PR?RETURN_FD_TABLE?TIMER
            CODE    86CAH     0006H     UNIT         ?PR?RETURN_FILTER_MAIN?TIMER
            CODE    86D0H     0006H     UNIT         ?PR?RETURN_FILTER_OTHER?TIMER
            CODE    86D6H     0006H     UNIT         ?PR?_SET_FILTER_OTHER?TIMER
            CODE    86DCH     0006H     UNIT         ?PR?CLEAR_AGAIN_AND_AGAIN_TIME?TIMER
            CODE    86E2H     0006H     UNIT         ?PR?CLEAR_SECOND_FILTER_TIME?TIMER
            CODE    86E8H     0006H     UNIT         ?PR?_SET_SECOND_FILTER_TABLE?TIMER
            CODE    86EEH     0006H     UNIT         ?PR?RETURN_SECOND_FILTER_TABLE?TIMER
            CODE    86F4H     0006H     UNIT         ?PR?RETURN_AGAIN_RECEIVE_RF_DECODER_FINISHED?EV1527
            CODE    86FAH     0006H     UNIT         ?PR?CLEAR_AGAIN_RECEIVE_RF_DECODER_FINISHED?EV1527
            CODE    8700H     0006H     UNIT         ?PR?RETURN_AGAIN_AND_AGAIN_DECODER_TABLE?EV1527
            CODE    8706H     0006H     UNIT         ?PR?CLEAR_AGAIN_AND_AGAIN_DECODER_TABLE?EV1527
            CODE    870CH     0006H     UNIT         ?PR?RETURN_REGISTER_MANAGER?EV1527
            CODE    8712H     0006H     UNIT         ?PR?CLEAR_REGISTER_MANAGER?EV1527
            CODE    8718H     0006H     UNIT         ?PR?RETURN_TWO_MENU_SET_SUCCESS?DECODER
            CODE    871EH     0006H     UNIT         ?PR?_SET_TWO_MENU_SET_SUCCESS?DECODER
            CODE    8724H     0005H     UNIT         ?PR?FUN13?TM1629
            CODE    8729H     0005H     UNIT         ?PR?FUN29?TM1629
            CODE    872EH     0005H     UNIT         ?PR?FUN30?TM1629
            CODE    8733H     0005H     UNIT         ?PR?FUN33?TM1629
            CODE    8738H     0005H     UNIT         ?PR?FUN34?TM1629
            CODE    873DH     0005H     UNIT         ?PR?FUN35?TM1629
            CODE    8742H     0005H     UNIT         ?PR?FUN36?TM1629
            CODE    8747H     0005H     UNIT         ?PR?FUN37?TM1629
            CODE    874CH     0005H     UNIT         ?PR?FUN38?TM1629
            CODE    8751H     0005H     UNIT         ?PR?FUN39?TM1629
            CODE    8756H     0005H     UNIT         ?PR?FUN40?TM1629
            CODE    875BH     0005H     UNIT         ?PR?FUN41?TM1629
            CODE    8760H     0005H     UNIT         ?PR?FUN43?TM1629
            CODE    8765H     0005H     UNIT         ?PR?FUN44?TM1629
            CODE    876AH     0005H     UNIT         ?PR?FUN45?TM1629
            CODE    876FH     0005H     UNIT         ?PR?FUN96?TM1629
            CODE    8774H     0005H     UNIT         ?PR?FUN98?TM1629
            CODE    8779H     0005H     UNIT         ?PR?FUN100?TM1629
            CODE    877EH     0005H     UNIT         ?PR?FUN102?TM1629
            CODE    8783H     0003H     UNIT         ?PR?_DELAYUS2X?AT24C256



OVERLAY MAP OF MODULE:   Receiver_keil (?C_STARTUP)


SEGMENT                                            XDATA_GROUP
  +--> CALLED SEGMENT                            START    LENGTH
----------------------------------------------------------------
BL51 BANKED LINKER/LOCATER V6.22                                                      03/10/2016  16:30:11  PAGE 8


?C_C51STARTUP                                    -----    -----
  +--> ?PR?MAIN?MAIN
  +--> ?C_INITSEG

?PR?MAIN?MAIN                                    -----    -----
  +--> ?PR?USARTINIT?USART
  +--> ?PR?INIT_TIMER0?TIMER
  +--> ?PR?INIT_TIMER1?TIMER
  +--> ?PR?EXINT0_INIT?EV1527
  +--> ?PR?DS1302_INIT?DS1302
  +--> ?PR?GD5800_INITIALIZATION?GD5800
  +--> ?PR?DELAY10MS?KEY
  +--> ?PR?PCA_TIMER_INIT?PCA
  +--> ?PR?TM1629_INIT?TM1629
  +--> ?PR?KEYPROCESS?KEY
  +--> ?PR?DECODERPROCESS?DECODER
  +--> ?PR?AWAIT_VOICE_PROCESS?DECODER

?PR?DS1302_INIT?DS1302                           -----    -----
  +--> ?PR?_DS1302_WRITE_BYTE?DS1302

?PR?GD5800_INITIALIZATION?GD5800                 -----    -----
  +--> ?PR?_USART2_SENDDATA?USART

?PR?TM1629_INIT?TM1629                           0584H    0001H
  +--> ?PR?DISPLAY?TM1629
  +--> ?PR?_GD5800_SELECT_CHAPTER?GD5800
  +--> ?PR?_TM1629_DELAY?TM1629

?PR?DISPLAY?TM1629                               -----    -----
  +--> ?PR?RETURN_TWO_MENU_F6_E5?KEY
  +--> ?PR?_SEND_COMMAND?TM1629
  +--> ?PR?_WRITEDATATO1629?TM1629
  +--> ?PR?_SEND_COMMAND_2?TM1629
  +--> ?PR?_WRITEDATATO1629_2?TM1629
  +--> ?PR?_SEND_COMMAND_3?TM1629
  +--> ?PR?_WRITEDATATO1629_3?TM1629

?PR?_SEND_COMMAND?TM1629                         -----    -----
  +--> ?PR?_WRITEDATATO1629?TM1629

?PR?_SEND_COMMAND_2?TM1629                       -----    -----
  +--> ?PR?_SEND_COMMAND?TM1629
  +--> ?PR?_WRITEDATATO1629_2?TM1629

?PR?_SEND_COMMAND_3?TM1629                       -----    -----
  +--> ?PR?_SEND_COMMAND_2?TM1629
  +--> ?PR?_WRITEDATATO1629_3?TM1629

?PR?_GD5800_SELECT_CHAPTER?GD5800                05CFH    0002H
  +--> ?PR?_USART2_SENDDATA?USART

?PR?KEYPROCESS?KEY                               0584H    0004H
  +--> ?CO?KEY
  +--> ?PR?KEYDECODER?KEY
  +--> ?PR?RETURN_TWO_MENU_FB_E1?KEY
  +--> ?PR?RETURN_MAIN_PRESS_TIME?TIMER
BL51 BANKED LINKER/LOCATER V6.22                                                      03/10/2016  16:30:11  PAGE 9


  +--> ?PR?_DELETE_CALL_FUNCTION?AT24C256
  +--> ?PR?RETURN_SOUND_TABLE?KEY
  +--> ?PR?_GD5800_SELECT_CHAPTER?GD5800
  +--> ?PR?_SET_SOUND_TABLE?KEY
  +--> ?PR?_DELETE_HOST_FUNCTION?AT24C256
  +--> ?PR?_DELETE_ALARM_FUNCTION?AT24C256
  +--> ?PR?_DELETE_CANCEL_FUNCTION?AT24C256
  +--> ?PR?DELAY10MS?KEY
  +--> ?PR?_SET_FILTER_MAIN?TIMER
  +--> ?PR?VAR_INIT?KEY
  +--> ?PR?ENV_LOAD?KEY
  +--> ?PR?KEY_INIT?KEY
  +--> ?PR?_ISENDSTR?AT24C256
  +--> ?PR?DELETE_ALL_DATA?AT24C256
  +--> ?PR?CLEAR_MAIN_PRESS_TIME?TIMER
  +--> ?PR?LOGOUT?TM1629
  +--> ?PR?CYCLEUP?TM1629
  +--> ?PR?CYCLEDOWN?TM1629
  +--> ?PR?_TRANSMIT_SET_DATA?KEY
  +--> ?PR?RF_INI_RECEIVE?EV1527
  +--> ?PR?_SENDIRDATA?PCA
  +--> ?PR?PRINTER58MM_PRINT?PRINTER
  +--> ?PR?TM1629_LOAD?TM1629
  +--> ?PR?DISPLAY?TM1629

?CO?KEY                                          -----    -----
  +--> ?PR?FUN0?TM1629
  +--> ?PR?FUN1?TM1629
  +--> ?PR?FUN2?TM1629
  +--> ?PR?FUN3?TM1629
  +--> ?PR?FUN4?TM1629
  +--> ?PR?FUN5?TM1629
  +--> ?PR?FUN6?TM1629
  +--> ?PR?FUN7?TM1629
  +--> ?PR?FUN8?TM1629
  +--> ?PR?FUN9?TM1629
  +--> ?PR?FUN10?TM1629
  +--> ?PR?FUN11?TM1629
  +--> ?PR?FUN12?TM1629
  +--> ?PR?FUN13?TM1629
  +--> ?PR?FUN14?TM1629
  +--> ?PR?FUN15?TM1629
  +--> ?PR?FUN16?TM1629
  +--> ?PR?FUN17?TM1629
  +--> ?PR?FUN18?TM1629
  +--> ?PR?FUN19?TM1629
  +--> ?PR?FUN20?TM1629
  +--> ?PR?FUN21?TM1629
  +--> ?PR?FUN22?TM1629
  +--> ?PR?FUN23?TM1629
  +--> ?PR?FUN24?TM1629
  +--> ?PR?FUN25?TM1629
  +--> ?PR?FUN26?TM1629
  +--> ?PR?FUN27?TM1629
  +--> ?PR?FUN28?TM1629
  +--> ?PR?FUN29?TM1629
  +--> ?PR?FUN30?TM1629
BL51 BANKED LINKER/LOCATER V6.22                                                      03/10/2016  16:30:11  PAGE 10


  +--> ?PR?FUN31?TM1629
  +--> ?PR?FUN32?TM1629
  +--> ?PR?FUN33?TM1629
  +--> ?PR?FUN34?TM1629
  +--> ?PR?FUN35?TM1629
  +--> ?PR?FUN36?TM1629
  +--> ?PR?FUN37?TM1629
  +--> ?PR?FUN38?TM1629
  +--> ?PR?FUN39?TM1629
  +--> ?PR?FUN40?TM1629
  +--> ?PR?FUN41?TM1629
  +--> ?PR?FUN42?TM1629
  +--> ?PR?FUN43?TM1629
  +--> ?PR?FUN44?TM1629
  +--> ?PR?FUN45?TM1629
  +--> ?PR?FUN46?TM1629
  +--> ?PR?FUN47?TM1629
  +--> ?PR?FUN48?TM1629
  +--> ?PR?FUN49?TM1629
  +--> ?PR?FUN50?TM1629
  +--> ?PR?FUN51?TM1629
  +--> ?PR?FUN52?TM1629
  +--> ?PR?FUN53?TM1629
  +--> ?PR?FUN54?TM1629
  +--> ?PR?FUN55?TM1629
  +--> ?PR?FUN56?TM1629
  +--> ?PR?FUN57?TM1629
  +--> ?PR?FUN58?TM1629
  +--> ?PR?FUN59?TM1629
  +--> ?PR?FUN60?TM1629
  +--> ?PR?FUN61?TM1629
  +--> ?PR?FUN62?TM1629
  +--> ?PR?FUN63?TM1629
  +--> ?PR?FUN64?TM1629
  +--> ?PR?FUN65?TM1629
  +--> ?PR?FUN66?TM1629
  +--> ?PR?FUN67?TM1629
  +--> ?PR?FUN68?TM1629
  +--> ?PR?FUN69?TM1629
  +--> ?PR?FUN70?TM1629
  +--> ?PR?FUN71?TM1629
  +--> ?PR?FUN72?TM1629
  +--> ?PR?FUN73?TM1629
  +--> ?PR?FUN74?TM1629
  +--> ?PR?FUN75?TM1629
  +--> ?PR?FUN76?TM1629
  +--> ?PR?FUN77?TM1629
  +--> ?PR?FUN78?TM1629
  +--> ?PR?FUN79?TM1629
  +--> ?PR?FUN80?TM1629
  +--> ?PR?FUN81?TM1629
  +--> ?PR?FUN82?TM1629
  +--> ?PR?FUN83?TM1629
  +--> ?PR?FUN84?TM1629
  +--> ?PR?FUN85?TM1629
  +--> ?PR?FUN86?TM1629
  +--> ?PR?FUN87?TM1629
BL51 BANKED LINKER/LOCATER V6.22                                                      03/10/2016  16:30:11  PAGE 11


  +--> ?PR?FUN88?TM1629
  +--> ?PR?FUN89?TM1629
  +--> ?PR?FUN90?TM1629
  +--> ?PR?FUN91?TM1629
  +--> ?PR?FUN92?TM1629
  +--> ?PR?FUN93?TM1629
  +--> ?PR?FUN94?TM1629
  +--> ?PR?FUN95?TM1629
  +--> ?PR?FUN96?TM1629
  +--> ?PR?FUN97?TM1629
  +--> ?PR?FUN98?TM1629
  +--> ?PR?FUN99?TM1629
  +--> ?PR?FUN100?TM1629
  +--> ?PR?FUN101?TM1629
  +--> ?PR?FUN102?TM1629
  +--> ?PR?FUN103?TM1629
  +--> ?PR?FUN104?TM1629
  +--> ?PR?FUN105?TM1629
  +--> ?PR?FUN106?TM1629

?PR?FUN0?TM1629                                  -----    -----
  +--> ?PR?RETURN_TWO_MENU_FC_E1?KEY
  +--> ?PR?TM1629_AWAIT?TM1629
  +--> ?PR?DISPLAY_TIME?TM1629
  +--> ?PR?RETURN_TWO_MENU_FB_E1?KEY
  +--> ?PR?TM1629_DISPLAY_BUFF_CLEAR?TM1629

?PR?TM1629_AWAIT?TM1629                          -----    -----
  +--> ?PR?RETURN_AWAIT_NUMBER_TABLE?TIMER
  +--> ?PR?TM1629_CLEAR?TM1629
  +--> ?PR?TM1629_LOAD?TM1629
  +--> ?PR?DISPLAY?TM1629
  +--> ?PR?_SET_AWAIT_NUMBER_TABLE?TIMER

?PR?TM1629_LOAD?TM1629                           -----    -----
  +--> ?PR?TM1629_CLEAR?TM1629
  +--> ?PR?_MCURAM_TO_DISPLAYRAM?TM1629
  +--> ?PR?_TRANSMIT_SHOW_FOUR_NUMBER?TM1629
  +--> ?PR?_TRANSMIT_SHOW_THREE_NUMBER?TM1629
  +--> ?PR?TRANSMIT_SHOW_TWO_NUMBER?TM1629
  +--> ?PR?TRANSMIT_SHOW_WAIT_NUMBER?TM1629

?PR?_MCURAM_TO_DISPLAYRAM?TM1629                 05BAH    0006H

?PR?TRANSMIT_SHOW_TWO_NUMBER?TM1629              05BAH    0001H
  +--> ?PR?RETURN_TWO_MENU_F3_E2?KEY

?PR?DISPLAY_TIME?TM1629                          -----    -----
  +--> ?PR?RETURN_TWO_MENU_F6_E7?KEY
  +--> ?PR?TM1629_CLEAR?TM1629
  +--> ?PR?DS1302_READ_TIME?DS1302
  +--> ?PR?DISPLAY?TM1629

?PR?DS1302_READ_TIME?DS1302                      -----    -----
  +--> ?PR?_DS1302_READ_BYTE?DS1302

?PR?FUN1?TM1629                                  -----    -----
BL51 BANKED LINKER/LOCATER V6.22                                                      03/10/2016  16:30:11  PAGE 12


  +--> ?PR?_TM1629_F?TM1629

?PR?_TM1629_F?TM1629                             -----    -----
  +--> ?PR?TM1629_CLEAR?TM1629
  +--> ?PR?DISPLAY?TM1629

?PR?FUN2?TM1629                                  -----    -----
  +--> ?PR?_TM1629_F?TM1629
  +--> ?PR?RETURN_SOUND_TABLE?KEY
  +--> ?PR?RETURN_TWO_MENU_F6_E6?KEY
  +--> ?PR?_GD5800_SELECT_CHAPTER?GD5800
  +--> ?PR?_SET_SOUND_TABLE?KEY

?PR?FUN3?TM1629                                  -----    -----
  +--> ?PR?_TM1629_F?TM1629
  +--> ?PR?RETURN_SOUND_TABLE?KEY
  +--> ?PR?RETURN_TWO_MENU_F6_E6?KEY
  +--> ?PR?_GD5800_SELECT_CHAPTER_NEW?GD5800
  +--> ?PR?_SET_SOUND_TABLE?KEY

?PR?_GD5800_SELECT_CHAPTER_NEW?GD5800            05BDH    0002H
  +--> ?PR?_GD5800_SELECT_CHAPTER?GD5800
  +--> ?PR?DELAY10MS?KEY
  +--> ?PR?_SET_SOUND_TABLE?KEY

?PR?FUN4?TM1629                                  -----    -----
  +--> ?PR?_TM1629_F?TM1629
  +--> ?PR?RETURN_SOUND_TABLE?KEY
  +--> ?PR?RETURN_TWO_MENU_F6_E6?KEY
  +--> ?PR?_GD5800_SELECT_CHAPTER_NEW?GD5800
  +--> ?PR?_SET_SOUND_TABLE?KEY

?PR?FUN5?TM1629                                  -----    -----
  +--> ?PR?_TM1629_F?TM1629
  +--> ?PR?RETURN_SOUND_TABLE?KEY
  +--> ?PR?RETURN_TWO_MENU_F6_E6?KEY
  +--> ?PR?_GD5800_SELECT_CHAPTER_NEW?GD5800
  +--> ?PR?_SET_SOUND_TABLE?KEY

?PR?FUN6?TM1629                                  -----    -----
  +--> ?PR?_TM1629_F?TM1629
  +--> ?PR?RETURN_SOUND_TABLE?KEY
  +--> ?PR?RETURN_TWO_MENU_F6_E6?KEY
  +--> ?PR?_GD5800_SELECT_CHAPTER_NEW?GD5800
  +--> ?PR?_SET_SOUND_TABLE?KEY

?PR?FUN7?TM1629                                  -----    -----
  +--> ?PR?_TM1629_F?TM1629
  +--> ?PR?RETURN_SOUND_TABLE?KEY
  +--> ?PR?RETURN_TWO_MENU_F6_E6?KEY
  +--> ?PR?_GD5800_SELECT_CHAPTER_NEW?GD5800
  +--> ?PR?_SET_SOUND_TABLE?KEY

?PR?FUN8?TM1629                                  -----    -----
  +--> ?PR?_TM1629_F?TM1629
  +--> ?PR?RETURN_SOUND_TABLE?KEY
  +--> ?PR?RETURN_TWO_MENU_F6_E6?KEY
BL51 BANKED LINKER/LOCATER V6.22                                                      03/10/2016  16:30:11  PAGE 13


  +--> ?PR?_GD5800_SELECT_CHAPTER_NEW?GD5800
  +--> ?PR?_SET_SOUND_TABLE?KEY

?PR?FUN9?TM1629                                  -----    -----
  +--> ?PR?_TM1629_F?TM1629
  +--> ?PR?RETURN_SOUND_TABLE?KEY
  +--> ?PR?RETURN_TWO_MENU_F6_E6?KEY
  +--> ?PR?_GD5800_SELECT_CHAPTER_NEW?GD5800
  +--> ?PR?_SET_SOUND_TABLE?KEY

?PR?FUN10?TM1629                                 -----    -----
  +--> ?PR?_TM1629_F?TM1629
  +--> ?PR?RETURN_SOUND_TABLE?KEY
  +--> ?PR?RETURN_TWO_MENU_F6_E6?KEY
  +--> ?PR?_GD5800_SELECT_CHAPTER_NEW?GD5800
  +--> ?PR?_SET_SOUND_TABLE?KEY

?PR?FUN11?TM1629                                 -----    -----
  +--> ?PR?_TM1629_F?TM1629

?PR?FUN12?TM1629                                 -----    -----
  +--> ?PR?_TM1629_F?TM1629

?PR?FUN13?TM1629                                 -----    -----
  +--> ?PR?_TM1629_F?TM1629

?PR?FUN14?TM1629                                 -----    -----
  +--> ?PR?_TM1629_F?TM1629
  +--> ?PR?_SET_FD_TABLE?TIMER

?PR?FUN15?TM1629                                 -----    -----
  +--> ?PR?RETURN_AWAIT_NUMBER_TABLE?TIMER
  +--> ?PR?DISPLAY_TIME?TM1629
  +--> ?PR?_SET_AWAIT_NUMBER_TABLE?TIMER
  +--> ?PR?RETURN_TWO_MENU_F6_E7?KEY
  +--> ?PR?DISPLAY?TM1629
  +--> ?PR?DS1302_WRITE_TIME?DS1302

?PR?DS1302_WRITE_TIME?DS1302                     -----    -----
  +--> ?PR?_DS1302_WRITE_BYTE?DS1302

?PR?FUN16?TM1629                                 -----    -----
  +--> ?PR?RETURN_AWAIT_NUMBER_TABLE?TIMER
  +--> ?PR?DISPLAY_TIME?TM1629
  +--> ?PR?_SET_AWAIT_NUMBER_TABLE?TIMER
  +--> ?PR?RETURN_TWO_MENU_F6_E7?KEY
  +--> ?PR?DISPLAY?TM1629
  +--> ?PR?DS1302_WRITE_TIME?DS1302

?PR?FUN17?TM1629                                 -----    -----
  +--> ?PR?RETURN_AWAIT_NUMBER_TABLE?TIMER
  +--> ?PR?DISPLAY_TIME?TM1629
  +--> ?PR?_SET_AWAIT_NUMBER_TABLE?TIMER
  +--> ?PR?RETURN_TWO_MENU_F6_E7?KEY
  +--> ?PR?DISPLAY?TM1629
  +--> ?PR?DS1302_WRITE_TIME?DS1302

BL51 BANKED LINKER/LOCATER V6.22                                                      03/10/2016  16:30:11  PAGE 14


?PR?FUN18?TM1629                                 -----    -----
  +--> ?PR?RETURN_AWAIT_NUMBER_TABLE?TIMER
  +--> ?PR?DISPLAY_TIME?TM1629
  +--> ?PR?_SET_AWAIT_NUMBER_TABLE?TIMER
  +--> ?PR?DISPLAY?TM1629
  +--> ?PR?DS1302_WRITE_TIME?DS1302

?PR?FUN19?TM1629                                 -----    -----
  +--> ?PR?RETURN_AWAIT_NUMBER_TABLE?TIMER
  +--> ?PR?DISPLAY_TIME?TM1629
  +--> ?PR?_SET_AWAIT_NUMBER_TABLE?TIMER
  +--> ?PR?DISPLAY?TM1629
  +--> ?PR?DS1302_WRITE_TIME?DS1302

?PR?FUN20?TM1629                                 -----    -----
  +--> ?PR?RETURN_TWO_MENU_FC_E1?KEY
  +--> ?PR?_SET_FUNC_INDEX?KEY
  +--> ?PR?RETURN_AWAIT_NUMBER_TABLE?TIMER
  +--> ?PR?DISPLAY_TIME?TM1629
  +--> ?PR?_SET_AWAIT_NUMBER_TABLE?TIMER
  +--> ?PR?DISPLAY?TM1629
  +--> ?PR?DS1302_WRITE_TIME?DS1302

?PR?FUN21?TM1629                                 -----    -----
  +--> ?PR?_TM1629_E?TM1629

?PR?_TM1629_E?TM1629                             -----    -----
  +--> ?PR?TM1629_CLEAR?TM1629
  +--> ?PR?DISPLAY?TM1629

?PR?FUN22?TM1629                                 -----    -----
  +--> ?PR?_TM1629_E?TM1629

?PR?FUN23?TM1629                                 -----    -----
  +--> ?PR?_TM1629_E?TM1629

?PR?FUN24?TM1629                                 -----    -----
  +--> ?PR?_TM1629_E?TM1629

?PR?FUN25?TM1629                                 -----    -----
  +--> ?PR?_TM1629_E?TM1629

?PR?FUN26?TM1629                                 -----    -----
  +--> ?PR?_TM1629_E?TM1629

?PR?FUN27?TM1629                                 -----    -----
  +--> ?PR?_TM1629_E?TM1629

?PR?FUN28?TM1629                                 -----    -----
  +--> ?PR?_TM1629_E?TM1629

?PR?FUN29?TM1629                                 -----    -----
  +--> ?PR?_TM1629_E?TM1629

?PR?FUN30?TM1629                                 -----    -----
  +--> ?PR?_TM1629_E?TM1629

BL51 BANKED LINKER/LOCATER V6.22                                                      03/10/2016  16:30:11  PAGE 15


?PR?FUN31?TM1629                                 -----    -----
  +--> ?PR?RETURN_TWO_MENU_F4_E1?KEY
  +--> ?PR?_SHOW_TWO_NUMBER?TM1629

?PR?_SHOW_TWO_NUMBER?TM1629                      -----    -----
  +--> ?PR?TM1629_CLEAR?TM1629
  +--> ?PR?DISPLAY?TM1629

?PR?FUN32?TM1629                                 -----    -----
  +--> ?PR?RETURN_TWO_MENU_F5_E1?KEY
  +--> ?PR?_SHOW_TWO_NUMBER?TM1629

?PR?FUN33?TM1629                                 -----    -----
  +--> ?PR?_TM1629_E?TM1629

?PR?FUN34?TM1629                                 -----    -----
  +--> ?PR?_TM1629_E?TM1629

?PR?FUN35?TM1629                                 -----    -----
  +--> ?PR?_TM1629_E?TM1629

?PR?FUN36?TM1629                                 -----    -----
  +--> ?PR?_TM1629_E?TM1629

?PR?FUN37?TM1629                                 -----    -----
  +--> ?PR?_TM1629_E?TM1629

?PR?FUN38?TM1629                                 -----    -----
  +--> ?PR?_TM1629_E?TM1629

?PR?FUN39?TM1629                                 -----    -----
  +--> ?PR?_TM1629_E?TM1629

?PR?FUN40?TM1629                                 -----    -----
  +--> ?PR?_TM1629_E?TM1629

?PR?FUN41?TM1629                                 -----    -----
  +--> ?PR?_TM1629_E?TM1629

?PR?FUN42?TM1629                                 -----    -----
  +--> ?PR?_TM1629_E?TM1629
  +--> ?PR?RETURN_TWO_MENU_F8_E1?KEY

?PR?FUN43?TM1629                                 -----    -----
  +--> ?PR?_TM1629_E?TM1629

?PR?FUN44?TM1629                                 -----    -----
  +--> ?PR?_TM1629_E?TM1629

?PR?FUN45?TM1629                                 -----    -----
  +--> ?PR?_TM1629_E?TM1629

?PR?FUN46?TM1629                                 -----    -----
  +--> ?PR?RETURN_RF_TRANS_COUNT?EV1527
  +--> ?PR?_SHOW_THREE_NUMBER?TM1629

?PR?_SHOW_THREE_NUMBER?TM1629                    -----    -----
BL51 BANKED LINKER/LOCATER V6.22                                                      03/10/2016  16:30:11  PAGE 16


  +--> ?PR?TM1629_CLEAR?TM1629
  +--> ?PR?DISPLAY?TM1629

?PR?FUN47?TM1629                                 -----    -----
  +--> ?PR?RETURN_TWO_MENU_FB_E1?KEY
  +--> ?PR?_SHOW_ONE_NUMBER?TM1629

?PR?_SHOW_ONE_NUMBER?TM1629                      -----    -----
  +--> ?PR?TM1629_CLEAR?TM1629
  +--> ?PR?DISPLAY?TM1629

?PR?FUN48?TM1629                                 -----    -----
  +--> ?PR?RETURN_TWO_MENU_FC_E1?KEY
  +--> ?PR?_SHOW_ONE_NUMBER?TM1629

?PR?FUN49?TM1629                                 0588H    0001H
  +--> ?PR?RETURN_FD_TABLE?TIMER
  +--> ?PR?_DISPLAY_LIGHT?TM1629
  +--> ?PR?_GD5800_SELECT_CHAPTER?GD5800
  +--> ?PR?TM1629_CLEAR?TM1629
  +--> ?PR?DISPLAY?TM1629

?PR?_DISPLAY_LIGHT?TM1629                        -----    -----
  +--> ?PR?_SEND_COMMAND?TM1629
  +--> ?PR?_WRITEDATATO1629?TM1629
  +--> ?PR?_SEND_COMMAND_2?TM1629
  +--> ?PR?_WRITEDATATO1629_2?TM1629
  +--> ?PR?_SEND_COMMAND_3?TM1629
  +--> ?PR?_WRITEDATATO1629_3?TM1629

?PR?FUN50?TM1629                                 -----    -----
  +--> ?PR?RETURN_AWAIT_NUMBER_TABLE?TIMER
  +--> ?PR?_SHOW_FOUR_NUMBER?TM1629
  +--> ?PR?_SET_AWAIT_NUMBER_TABLE?TIMER
  +--> ?PR?DISPLAY?TM1629

?PR?_SHOW_FOUR_NUMBER?TM1629                     -----    -----
  +--> ?PR?TM1629_CLEAR?TM1629
  +--> ?PR?DISPLAY?TM1629

?PR?FUN51?TM1629                                 -----    -----
  +--> ?PR?RETURN_AWAIT_NUMBER_TABLE?TIMER
  +--> ?PR?_SHOW_FOUR_NUMBER?TM1629
  +--> ?PR?_SET_AWAIT_NUMBER_TABLE?TIMER
  +--> ?PR?DISPLAY?TM1629

?PR?FUN52?TM1629                                 -----    -----
  +--> ?PR?RETURN_AWAIT_NUMBER_TABLE?TIMER
  +--> ?PR?_SHOW_FOUR_NUMBER?TM1629
  +--> ?PR?_SET_AWAIT_NUMBER_TABLE?TIMER
  +--> ?PR?DISPLAY?TM1629

?PR?FUN53?TM1629                                 -----    -----
  +--> ?PR?RETURN_AWAIT_NUMBER_TABLE?TIMER
  +--> ?PR?_SHOW_FOUR_NUMBER?TM1629
  +--> ?PR?_SET_AWAIT_NUMBER_TABLE?TIMER
  +--> ?PR?DISPLAY?TM1629
BL51 BANKED LINKER/LOCATER V6.22                                                      03/10/2016  16:30:11  PAGE 17



?PR?FUN54?TM1629                                 -----    -----
  +--> ?PR?RETURN_AWAIT_NUMBER_TABLE?TIMER
  +--> ?PR?_SHOW_FOUR_NUMBER?TM1629
  +--> ?PR?_SET_AWAIT_NUMBER_TABLE?TIMER
  +--> ?PR?DISPLAY?TM1629

?PR?FUN55?TM1629                                 -----    -----
  +--> ?PR?RETURN_AWAIT_NUMBER_TABLE?TIMER
  +--> ?PR?_SHOW_FOUR_NUMBER?TM1629
  +--> ?PR?_SET_AWAIT_NUMBER_TABLE?TIMER
  +--> ?PR?DISPLAY?TM1629

?PR?FUN56?TM1629                                 -----    -----
  +--> ?PR?RETURN_AWAIT_NUMBER_TABLE?TIMER
  +--> ?PR?_SHOW_FOUR_NUMBER?TM1629
  +--> ?PR?_SET_AWAIT_NUMBER_TABLE?TIMER
  +--> ?PR?DISPLAY?TM1629

?PR?FUN57?TM1629                                 -----    -----
  +--> ?PR?RETURN_AWAIT_NUMBER_TABLE?TIMER
  +--> ?PR?_SHOW_FOUR_NUMBER?TM1629
  +--> ?PR?_SET_AWAIT_NUMBER_TABLE?TIMER
  +--> ?PR?DISPLAY?TM1629

?PR?FUN58?TM1629                                 -----    -----
  +--> ?PR?RETURN_AWAIT_NUMBER_TABLE?TIMER
  +--> ?PR?_SHOW_FOUR_NUMBER?TM1629
  +--> ?PR?_SET_AWAIT_NUMBER_TABLE?TIMER
  +--> ?PR?DISPLAY?TM1629

?PR?FUN59?TM1629                                 -----    -----
  +--> ?PR?RETURN_AWAIT_NUMBER_TABLE?TIMER
  +--> ?PR?_SHOW_FOUR_NUMBER?TM1629
  +--> ?PR?_SET_AWAIT_NUMBER_TABLE?TIMER
  +--> ?PR?DISPLAY?TM1629

?PR?FUN60?TM1629                                 -----    -----
  +--> ?PR?RETURN_AWAIT_NUMBER_TABLE?TIMER
  +--> ?PR?_SHOW_FOUR_NUMBER?TM1629
  +--> ?PR?_SET_AWAIT_NUMBER_TABLE?TIMER
  +--> ?PR?DISPLAY?TM1629

?PR?FUN61?TM1629                                 -----    -----
  +--> ?PR?RETURN_AWAIT_NUMBER_TABLE?TIMER
  +--> ?PR?_SHOW_FOUR_NUMBER?TM1629
  +--> ?PR?_SET_AWAIT_NUMBER_TABLE?TIMER
  +--> ?PR?DISPLAY?TM1629

?PR?FUN62?TM1629                                 -----    -----
  +--> ?PR?RETURN_AWAIT_NUMBER_TABLE?TIMER
  +--> ?PR?_SHOW_FOUR_NUMBER?TM1629
  +--> ?PR?_SET_AWAIT_NUMBER_TABLE?TIMER
  +--> ?PR?DISPLAY?TM1629

?PR?FUN63?TM1629                                 -----    -----
  +--> ?PR?RETURN_AWAIT_NUMBER_TABLE?TIMER
BL51 BANKED LINKER/LOCATER V6.22                                                      03/10/2016  16:30:11  PAGE 18


  +--> ?PR?_SHOW_FOUR_NUMBER?TM1629
  +--> ?PR?_SET_AWAIT_NUMBER_TABLE?TIMER
  +--> ?PR?DISPLAY?TM1629

?PR?FUN64?TM1629                                 -----    -----
  +--> ?PR?RETURN_AWAIT_NUMBER_TABLE?TIMER
  +--> ?PR?_SHOW_FOUR_NUMBER?TM1629
  +--> ?PR?_SET_AWAIT_NUMBER_TABLE?TIMER
  +--> ?PR?DISPLAY?TM1629

?PR?FUN65?TM1629                                 -----    -----
  +--> ?PR?RETURN_AWAIT_NUMBER_TABLE?TIMER
  +--> ?PR?_SHOW_FOUR_NUMBER?TM1629
  +--> ?PR?_SET_AWAIT_NUMBER_TABLE?TIMER
  +--> ?PR?DISPLAY?TM1629

?PR?FUN66?TM1629                                 -----    -----
  +--> ?PR?RETURN_AWAIT_NUMBER_TABLE?TIMER
  +--> ?PR?_SHOW_FOUR_NUMBER?TM1629
  +--> ?PR?_SET_AWAIT_NUMBER_TABLE?TIMER
  +--> ?PR?DISPLAY?TM1629

?PR?FUN67?TM1629                                 -----    -----
  +--> ?PR?RETURN_AWAIT_NUMBER_TABLE?TIMER
  +--> ?PR?_SHOW_FOUR_NUMBER?TM1629
  +--> ?PR?_SET_AWAIT_NUMBER_TABLE?TIMER
  +--> ?PR?DISPLAY?TM1629

?PR?FUN68?TM1629                                 -----    -----
  +--> ?PR?RETURN_AWAIT_NUMBER_TABLE?TIMER
  +--> ?PR?_SHOW_FOUR_NUMBER?TM1629
  +--> ?PR?_SET_AWAIT_NUMBER_TABLE?TIMER
  +--> ?PR?DISPLAY?TM1629

?PR?FUN69?TM1629                                 -----    -----
  +--> ?PR?RETURN_AWAIT_NUMBER_TABLE?TIMER
  +--> ?PR?_SHOW_FOUR_NUMBER?TM1629
  +--> ?PR?_SET_AWAIT_NUMBER_TABLE?TIMER
  +--> ?PR?DISPLAY?TM1629

?PR?FUN70?TM1629                                 -----    -----
  +--> ?PR?RETURN_AWAIT_NUMBER_TABLE?TIMER
  +--> ?PR?_SHOW_FOUR_NUMBER?TM1629
  +--> ?PR?_SET_AWAIT_NUMBER_TABLE?TIMER
  +--> ?PR?DISPLAY?TM1629

?PR?FUN71?TM1629                                 -----    -----
  +--> ?PR?RETURN_AWAIT_NUMBER_TABLE?TIMER
  +--> ?PR?_SHOW_FOUR_NUMBER?TM1629
  +--> ?PR?_SET_AWAIT_NUMBER_TABLE?TIMER
  +--> ?PR?DISPLAY?TM1629

?PR?FUN72?TM1629                                 -----    -----
  +--> ?PR?RETURN_AWAIT_NUMBER_TABLE?TIMER
  +--> ?PR?_SHOW_FOUR_NUMBER?TM1629
  +--> ?PR?_SET_AWAIT_NUMBER_TABLE?TIMER
  +--> ?PR?DISPLAY?TM1629
BL51 BANKED LINKER/LOCATER V6.22                                                      03/10/2016  16:30:11  PAGE 19



?PR?FUN73?TM1629                                 -----    -----
  +--> ?PR?RETURN_AWAIT_NUMBER_TABLE?TIMER
  +--> ?PR?_SHOW_FOUR_NUMBER?TM1629
  +--> ?PR?_SET_AWAIT_NUMBER_TABLE?TIMER
  +--> ?PR?DISPLAY?TM1629

?PR?FUN74?TM1629                                 -----    -----
  +--> ?PR?RETURN_AWAIT_NUMBER_TABLE?TIMER
  +--> ?PR?_SHOW_FOUR_NUMBER?TM1629
  +--> ?PR?_SET_AWAIT_NUMBER_TABLE?TIMER
  +--> ?PR?DISPLAY?TM1629

?PR?FUN75?TM1629                                 -----    -----
  +--> ?PR?RETURN_AWAIT_NUMBER_TABLE?TIMER
  +--> ?PR?_SHOW_FOUR_NUMBER?TM1629
  +--> ?PR?_SET_AWAIT_NUMBER_TABLE?TIMER
  +--> ?PR?DISPLAY?TM1629

?PR?FUN76?TM1629                                 -----    -----
  +--> ?PR?RETURN_AWAIT_NUMBER_TABLE?TIMER
  +--> ?PR?_SHOW_FOUR_NUMBER?TM1629
  +--> ?PR?_SET_AWAIT_NUMBER_TABLE?TIMER
  +--> ?PR?DISPLAY?TM1629

?PR?FUN77?TM1629                                 -----    -----
  +--> ?PR?RETURN_AWAIT_NUMBER_TABLE?TIMER
  +--> ?PR?_SHOW_FOUR_NUMBER?TM1629
  +--> ?PR?_SET_AWAIT_NUMBER_TABLE?TIMER
  +--> ?PR?DISPLAY?TM1629

?PR?FUN78?TM1629                                 -----    -----
  +--> ?PR?RETURN_AWAIT_NUMBER_TABLE?TIMER
  +--> ?PR?_SHOW_FOUR_NUMBER?TM1629
  +--> ?PR?_SET_AWAIT_NUMBER_TABLE?TIMER
  +--> ?PR?DISPLAY?TM1629

?PR?FUN79?TM1629                                 -----    -----
  +--> ?PR?RETURN_AWAIT_NUMBER_TABLE?TIMER
  +--> ?PR?_SHOW_FOUR_NUMBER?TM1629
  +--> ?PR?_SET_AWAIT_NUMBER_TABLE?TIMER
  +--> ?PR?DISPLAY?TM1629

?PR?FUN80?TM1629                                 -----    -----
  +--> ?PR?RETURN_AWAIT_NUMBER_TABLE?TIMER
  +--> ?PR?_SHOW_FOUR_NUMBER?TM1629
  +--> ?PR?_SET_AWAIT_NUMBER_TABLE?TIMER
  +--> ?PR?DISPLAY?TM1629

?PR?FUN81?TM1629                                 -----    -----
  +--> ?PR?RETURN_AWAIT_NUMBER_TABLE?TIMER
  +--> ?PR?_SHOW_FOUR_NUMBER?TM1629
  +--> ?PR?_SET_AWAIT_NUMBER_TABLE?TIMER
  +--> ?PR?DISPLAY?TM1629

?PR?FUN82?TM1629                                 -----    -----
  +--> ?PR?RETURN_TWO_MENU_F3_E1?KEY
BL51 BANKED LINKER/LOCATER V6.22                                                      03/10/2016  16:30:11  PAGE 20


  +--> ?PR?_SHOW_ONE_NUMBER?TM1629

?PR?FUN83?TM1629                                 -----    -----
  +--> ?PR?RETURN_TWO_MENU_F3_E2?KEY
  +--> ?PR?_SHOW_TWO_NUMBER?TM1629

?PR?FUN84?TM1629                                 -----    -----
  +--> ?PR?RETURN_TWO_MENU_F6_E1?KEY
  +--> ?PR?_SHOW_ONE_NUMBER?TM1629

?PR?FUN85?TM1629                                 -----    -----
  +--> ?PR?RETURN_TWO_MENU_F6_E2?KEY
  +--> ?PR?_SHOW_ONE_NUMBER?TM1629

?PR?FUN86?TM1629                                 -----    -----
  +--> ?PR?RETURN_TWO_MENU_F6_E3?KEY
  +--> ?PR?_SHOW_ONE_NUMBER?TM1629

?PR?FUN87?TM1629                                 0588H    0001H
  +--> ?PR?RETURN_TWO_MENU_F6_E4?KEY
  +--> ?PR?_GD5800_SOUND_VOLUME?GD5800
  +--> ?PR?_SHOW_ONE_NUMBER?TM1629

?PR?_GD5800_SOUND_VOLUME?GD5800                  0589H    0001H
  +--> ?PR?_USART2_SENDDATA?USART

?PR?FUN88?TM1629                                 -----    -----
  +--> ?PR?RETURN_TWO_MENU_F6_E5?KEY
  +--> ?PR?_SHOW_ONE_NUMBER?TM1629

?PR?FUN89?TM1629                                 0588H    0001H
  +--> ?PR?RETURN_TWO_MENU_F7_E1?KEY
  +--> ?PR?_SHOW_ONE_NUMBER?TM1629
  +--> ?PR?SHOW_ON?TM1629
  +--> ?PR?SHOW_OFF?TM1629

?PR?SHOW_ON?TM1629                               -----    -----
  +--> ?PR?TM1629_CLEAR?TM1629
  +--> ?PR?DISPLAY?TM1629

?PR?SHOW_OFF?TM1629                              -----    -----
  +--> ?PR?TM1629_CLEAR?TM1629
  +--> ?PR?DISPLAY?TM1629

?PR?FUN90?TM1629                                 -----    -----
  +--> ?PR?RETURN_TWO_MENU_F7_E2?KEY
  +--> ?PR?_SHOW_ONE_NUMBER?TM1629

?PR?FUN91?TM1629                                 -----    -----
  +--> ?PR?RETURN_TWO_MENU_F7_E3?KEY
  +--> ?PR?_SHOW_ONE_NUMBER?TM1629

?PR?FUN92?TM1629                                 -----    -----
  +--> ?PR?RETURN_TWO_MENU_F7_E4?KEY
  +--> ?PR?_SHOW_ONE_NUMBER?TM1629

?PR?FUN93?TM1629                                 0588H    0001H
BL51 BANKED LINKER/LOCATER V6.22                                                      03/10/2016  16:30:11  PAGE 21


  +--> ?PR?RETURN_TWO_MENU_F8_E1?KEY
  +--> ?PR?_SHOW_ONE_NUMBER?TM1629
  +--> ?PR?DELETE_ALL_DATA?AT24C256
  +--> ?PR?RETURN_SOUND_TABLE?KEY
  +--> ?PR?_GD5800_SELECT_CHAPTER?GD5800
  +--> ?PR?_SET_SOUND_TABLE?KEY

?PR?DELETE_ALL_DATA?AT24C256                     058FH    0022H
  +--> ?CO?AT24C256
  +--> ?PR?_ISENDSTR?AT24C256
  +--> ?PR?DELAY10MS?KEY

?PR?_ISENDSTR?AT24C256                           05BEH    0007H
  +--> ?PR?START_I2C?AT24C256
  +--> ?PR?_SENDBYTE?AT24C256
  +--> ?PR?STOP_I2C?AT24C256

?PR?FUN94?TM1629                                 0588H    0001H
  +--> ?PR?RETURN_TWO_MENU_F8_E2?KEY
  +--> ?PR?_SHOW_TWO_NUMBER?TM1629
  +--> ?PR?RETURN_SOUND_TABLE?KEY
  +--> ?PR?_GD5800_SELECT_CHAPTER_NEW?GD5800
  +--> ?PR?RETURN_TWO_MENU_SET_SUCCESS?DECODER
  +--> ?PR?_SET_TWO_MENU_SET_SUCCESS?DECODER

?PR?FUN95?TM1629                                 0588H    0002H
  +--> ?PR?RETURN_TWO_MENU_F6_E1?KEY
  +--> ?PR?RETURN_TWO_MENU_F6_E8?KEY
  +--> ?PR?_GD5800_SELECT_CHAPTER?GD5800
  +--> ?PR?RETURN_AWAIT_NUMBER_TABLE?TIMER
  +--> ?PR?_SET_AWAIT_NUMBER_TABLE?TIMER

?PR?FUN96?TM1629                                 -----    -----
  +--> ?PR?_TM1629_E?TM1629

?PR?FUN97?TM1629                                 -----    -----
  +--> ?PR?RETURN_TWO_MENU_F6_E6?KEY
  +--> ?PR?_SHOW_ONE_NUMBER?TM1629

?PR?FUN98?TM1629                                 -----    -----
  +--> ?PR?_TM1629_E?TM1629

?PR?FUN99?TM1629                                 -----    -----
  +--> ?PR?RETURN_TWO_MENU_F6_E7?KEY
  +--> ?PR?_SHOW_ONE_NUMBER?TM1629

?PR?FUN100?TM1629                                -----    -----
  +--> ?PR?_TM1629_E?TM1629

?PR?FUN101?TM1629                                -----    -----
  +--> ?PR?RETURN_TWO_MENU_F6_E8?KEY
  +--> ?PR?_SHOW_ONE_NUMBER?TM1629

?PR?FUN102?TM1629                                -----    -----
  +--> ?PR?_TM1629_F?TM1629

?PR?FUN103?TM1629                                -----    -----
BL51 BANKED LINKER/LOCATER V6.22                                                      03/10/2016  16:30:11  PAGE 22


  +--> ?PR?_TM1629_E?TM1629

?PR?FUN104?TM1629                                -----    -----
  +--> ?PR?_TM1629_E?TM1629

?PR?FUN105?TM1629                                0588H    0009H
  +--> ?PR?RETURN_AWAIT_NUMBER_TABLE?TIMER
  +--> ?PR?TM1629_CLEAR?TM1629
  +--> ?PR?DISPLAY?TM1629
  +--> ?PR?_SET_AWAIT_NUMBER_TABLE?TIMER
  +--> ?PR?_IRCVSTR?AT24C256
  +--> ?PR?_USART1_SENDDATA?USART

?PR?_IRCVSTR?AT24C256                            05C8H    0007H
  +--> ?PR?START_I2C?AT24C256
  +--> ?PR?_SENDBYTE?AT24C256
  +--> ?PR?RCVBYTE?AT24C256
  +--> ?PR?ACK_I2C?AT24C256
  +--> ?PR?NOACK_I2C?AT24C256
  +--> ?PR?STOP_I2C?AT24C256

?PR?FUN106?TM1629                                -----    -----
  +--> ?PR?_ISENDSTR?AT24C256
  +--> ?PR?_USART1_SENDDATA?USART
  +--> ?PR?TM1629_CLEAR?TM1629
  +--> ?PR?DISPLAY?TM1629
  +--> ?PR?RETURN_AWAIT_NUMBER_TABLE?TIMER
  +--> ?PR?_SET_AWAIT_NUMBER_TABLE?TIMER

?PR?KEYDECODER?KEY                               0588H    0002H
  +--> ?PR?KEYSCAN?KEY
  +--> ?PR?RETURN_REGISTER_MANAGER?EV1527
  +--> ?PR?_SET_MAIN_PRESS_TIME?TIMER
  +--> ?PR?CLEAR_REGISTER_MANAGER?EV1527
  +--> ?PR?RETURN_FILTER_MAIN?TIMER
  +--> ?PR?RETURN_FILTER_OTHER?TIMER
  +--> ?PR?GD5800_STOP_MUSIC?GD5800
  +--> ?PR?DELAY10MS?KEY
  +--> ?PR?_SET_FILTER_OTHER?TIMER

?PR?KEYSCAN?KEY                                  058AH    0005H
  +--> ?PR?DELAY10MS?KEY
  +--> ?PR?CLEAR_RETURN_STANDBY_TIME?TIMER
  +--> ?PR?CLEAR_MAIN_PRESS_TIME?TIMER
  +--> ?PR?_SET_MAIN_PRESS_TIME_TABLE?TIMER
  +--> ?PR?RETURN_TWO_MENU_FB_E1?KEY
  +--> ?PR?RETURN_MAIN_PRESS_TIME?TIMER
  +--> ?PR?_TM1629_F?TM1629
  +--> ?PR?RETURN_TWO_MENU_F6_E6?KEY
  +--> ?PR?_GD5800_SELECT_CHAPTER?GD5800
  +--> ?PR?_GD5800_SELECT_CHAPTER_NEW?GD5800
  +--> ?PR?_DELETE_CALL_FUNCTION?AT24C256
  +--> ?PR?_DELETE_HOST_FUNCTION?AT24C256
  +--> ?PR?_DELETE_ALARM_FUNCTION?AT24C256
  +--> ?PR?_DELETE_CANCEL_FUNCTION?AT24C256
  +--> ?PR?_SHOW_ONE_NUMBER?TM1629
  +--> ?PR?RETURN_TWO_MENU_FC_E1?KEY
BL51 BANKED LINKER/LOCATER V6.22                                                      03/10/2016  16:30:11  PAGE 23


  +--> ?PR?_TM1629_E?TM1629
  +--> ?PR?RETURN_TWO_MENU_F8_E1?KEY
  +--> ?PR?VAR_INIT?KEY
  +--> ?PR?ENV_LOAD?KEY
  +--> ?PR?KEY_INIT?KEY
  +--> ?PR?_ISENDSTR?AT24C256
  +--> ?PR?DELETE_ALL_DATA?AT24C256
  +--> ?PR?_SET_LOGOUT_CYCLE_TABLE?TIMER
  +--> ?PR?TM1629_READ_KEY?TM1629

?PR?_DELETE_CALL_FUNCTION?AT24C256               058FH    002FH
  +--> ?CO?AT24C256
  +--> ?PR?_ISENDSTR?AT24C256
  +--> ?PR?DELAY10MS?KEY
  +--> ?PR?_IRCVSTR?AT24C256

?PR?_DELETE_HOST_FUNCTION?AT24C256               058FH    002FH
  +--> ?CO?AT24C256
  +--> ?PR?_ISENDSTR?AT24C256
  +--> ?PR?DELAY10MS?KEY
  +--> ?PR?_IRCVSTR?AT24C256

?PR?_DELETE_ALARM_FUNCTION?AT24C256              058FH    002FH
  +--> ?CO?AT24C256
  +--> ?PR?_ISENDSTR?AT24C256
  +--> ?PR?DELAY10MS?KEY
  +--> ?PR?_IRCVSTR?AT24C256

?PR?_DELETE_CANCEL_FUNCTION?AT24C256             058FH    002FH
  +--> ?CO?AT24C256
  +--> ?PR?_ISENDSTR?AT24C256
  +--> ?PR?DELAY10MS?KEY
  +--> ?PR?_IRCVSTR?AT24C256

?PR?ENV_LOAD?KEY                                 -----    -----
  +--> ?PR?_ISENDSTR?AT24C256
  +--> ?PR?DELAY10MS?KEY

?PR?TM1629_READ_KEY?TM1629                       058FH    0002H
  +--> ?PR?_SEND_COMMAND?TM1629

?PR?GD5800_STOP_MUSIC?GD5800                     -----    -----
  +--> ?PR?_USART2_SENDDATA?USART

?PR?LOGOUT?TM1629                                0588H    0001H
  +--> ?PR?RETURN_TWO_MENU_F3_E2?KEY
  +--> ?PR?_MCURAM_TO_MCURAM_UP?TM1629
  +--> ?PR?TM1629_LOAD?TM1629
  +--> ?PR?DISPLAY?TM1629
  +--> ?PR?_SET_FUNC_INDEX?KEY

?PR?CYCLEUP?TM1629                               0588H    0007H
  +--> ?CO?TM1629
  +--> ?PR?RETURN_TWO_MENU_F3_E2?KEY
  +--> ?PR?_MCURAM_TO_MCURAM_UP?TM1629
  +--> ?PR?TM1629_LOAD?TM1629
  +--> ?PR?DISPLAY?TM1629
BL51 BANKED LINKER/LOCATER V6.22                                                      03/10/2016  16:30:11  PAGE 24



?PR?CYCLEDOWN?TM1629                             0588H    0008H
  +--> ?CO?TM1629
  +--> ?PR?RETURN_TWO_MENU_F3_E2?KEY
  +--> ?PR?_MCURAM_TO_MCURAM_DOWN?TM1629
  +--> ?PR?TM1629_LOAD?TM1629
  +--> ?PR?DISPLAY?TM1629

?PR?_TRANSMIT_SET_DATA?KEY                       -----    -----
  +--> ?PR?TM1629_LOAD?TM1629
  +--> ?PR?DISPLAY?TM1629

?PR?_SENDIRDATA?PCA                              0588H    0002H

?PR?PRINTER58MM_PRINT?PRINTER                    0588H    0002H
  +--> ?PR?_SENDDATA?USART

?PR?DECODERPROCESS?DECODER                       0584H    0028H
  +--> ?PR?RETURN_FUNC_INDEX?KEY
  +--> ?PR?RETURN_TWO_MENU_F8_E1?KEY
  +--> ?PR?RETURN_TWO_MENU_F8_E2?KEY
  +--> ?PR?RETURN_TWO_MENU_F3_E1?KEY
  +--> ?PR?RETURN_TWO_MENU_F3_E2?KEY
  +--> ?PR?RETURN_TWO_MENU_F7_E1?KEY
  +--> ?PR?RETURN_TWO_MENU_F6_E1?KEY
  +--> ?PR?RETURN_TWO_MENU_F6_E2?KEY
  +--> ?PR?RECEIVE_RF_DECODER?EV1527
  +--> ?PR?RETURN_AGAIN_RECEIVE_RF_DECODER_F...
  +--> ?PR?_SET_LOGOUT_CYCLE_TABLE?TIMER
  +--> ?PR?_AWAIT_VOICE_PUT?DECODER
  +--> ?PR?TM1629_CLEAR?TM1629
  +--> ?PR?_GLOBAL_DISPLAY?TM1629
  +--> ?PR?_SET_FUNC_INDEX?KEY
  +--> ?PR?_FIND_RF_EEPROM?AT24C256
  +--> ?PR?RETURN_SECOND_FILTER_TABLE?TIMER
  +--> ?PR?CLEAR_SECOND_FILTER_TIME?TIMER
  +--> ?PR?_SET_SECOND_FILTER_TABLE?TIMER
  +--> ?PR?_CANCEL_FUNTION?TM1629
  +--> ?PR?TM1629_LOAD?TM1629
  +--> ?PR?DISPLAY?TM1629
  +--> ?PR?CLEAR_AGAIN_RECEIVE_RF_DECODER_FI...
  +--> ?PR?_REGISTER_CALL_FUNCTION?AT24C256
  +--> ?PR?DELAY10MS?KEY
  +--> ?PR?_REGISTER_HOST_FUNCTION?AT24C256
  +--> ?PR?_REGISTER_ALARM_FUNCTION?AT24C256
  +--> ?PR?_REGISTER_CANCEL_FUNCTION?AT24C256
  +--> ?PR?_SET_SOUND_TABLE?KEY
  +--> ?PR?_ISENDSTR?AT24C256
  +--> ?PR?LOGOUTPROCESS?TM1629
  +--> ?PR?CYCLEPROCESS?TM1629

?PR?RECEIVE_RF_DECODER?EV1527                    05ACH    0009H
  +--> ?PR?RETURN_FUNC_INDEX?KEY
  +--> ?PR?CLEAR_AGAIN_AND_AGAIN_TIME?TIMER
  +--> ?PR?CLEAR_RETURN_STANDBY_TIME?TIMER
  +--> ?PR?_FIND_RF_EEPROM_HOST?AT24C256
  +--> ?PR?_SET_SOUND_TABLE?KEY
BL51 BANKED LINKER/LOCATER V6.22                                                      03/10/2016  16:30:11  PAGE 25



?PR?_FIND_RF_EEPROM_HOST?AT24C256                05B5H    0013H
  +--> ?PR?_IRCVSTR?AT24C256
  +--> ?PR?RETURN_TWO_MENU_F8_E1?KEY

?PR?_AWAIT_VOICE_PUT?DECODER                     05ACH    0008H

?PR?_GLOBAL_DISPLAY?TM1629                       05ACH    0006H
  +--> ?PR?_DECODER_TEMP_TO_MCURAM?TM1629
  +--> ?PR?TM1629_LOAD?TM1629
  +--> ?PR?DISPLAY?TM1629

?PR?_DECODER_TEMP_TO_MCURAM?TM1629               05B2H    0006H

?PR?_FIND_RF_EEPROM?AT24C256                     05ACH    0007H
  +--> ?PR?_FIND_RF_EEPROM_CANCEL?AT24C256
  +--> ?PR?_FIND_RF_EEPROM_ALARM?AT24C256
  +--> ?PR?_FIND_RF_EEPROM_CALL?AT24C256

?PR?_FIND_RF_EEPROM_CANCEL?AT24C256              05B3H    0013H
  +--> ?PR?_IRCVSTR?AT24C256
  +--> ?PR?RETURN_TWO_MENU_F8_E1?KEY

?PR?_FIND_RF_EEPROM_ALARM?AT24C256               05B3H    0013H
  +--> ?PR?_IRCVSTR?AT24C256
  +--> ?PR?RETURN_TWO_MENU_F8_E1?KEY

?PR?_FIND_RF_EEPROM_CALL?AT24C256                05B3H    0013H
  +--> ?PR?_IRCVSTR?AT24C256
  +--> ?PR?RETURN_TWO_MENU_F8_E1?KEY

?PR?_CANCEL_FUNTION?TM1629                       05ACH    0012H
  +--> ?CO?TM1629
  +--> ?PR?RETURN_TWO_MENU_F3_E2?KEY
  +--> ?PR?GD5800_STOP_MUSIC?GD5800
  +--> ?PR?_MCURAM_TO_MCURAM_UP?TM1629
  +--> ?PR?_SET_FUNC_INDEX?KEY

?PR?_REGISTER_CALL_FUNCTION?AT24C256             05ACH    0011H
  +--> ?PR?_IRCVSTR?AT24C256
  +--> ?PR?RETURN_TWO_MENU_F8_E1?KEY
  +--> ?PR?_ISENDSTR?AT24C256
  +--> ?PR?_GD5800_SELECT_CHAPTER_NEW?GD5800

?PR?_REGISTER_HOST_FUNCTION?AT24C256             05ACH    0011H
  +--> ?PR?_IRCVSTR?AT24C256
  +--> ?PR?RETURN_TWO_MENU_F8_E1?KEY
  +--> ?PR?_GD5800_SELECT_CHAPTER?GD5800
  +--> ?PR?_ISENDSTR?AT24C256
  +--> ?PR?_GD5800_SELECT_CHAPTER_NEW?GD5800

?PR?_REGISTER_ALARM_FUNCTION?AT24C256            05ACH    0011H
  +--> ?PR?_IRCVSTR?AT24C256
  +--> ?PR?RETURN_TWO_MENU_F8_E1?KEY
  +--> ?PR?_GD5800_SELECT_CHAPTER?GD5800
  +--> ?PR?_ISENDSTR?AT24C256
  +--> ?PR?_GD5800_SELECT_CHAPTER_NEW?GD5800
BL51 BANKED LINKER/LOCATER V6.22                                                      03/10/2016  16:30:11  PAGE 26



?PR?_REGISTER_CANCEL_FUNCTION?AT24C256           05ACH    0011H
  +--> ?PR?_IRCVSTR?AT24C256
  +--> ?PR?RETURN_TWO_MENU_F8_E1?KEY
  +--> ?PR?_GD5800_SELECT_CHAPTER?GD5800
  +--> ?PR?_ISENDSTR?AT24C256
  +--> ?PR?_GD5800_SELECT_CHAPTER_NEW?GD5800

?PR?LOGOUTPROCESS?TM1629                         05ACH    0008H
  +--> ?PR?RETURN_TWO_MENU_F5_E1?KEY
  +--> ?PR?RETURN_TWO_MENU_F4_E1?KEY
  +--> ?PR?RETURN_LOGOUT_CYCLE_TABLE?TIMER
  +--> ?PR?RETURN_TWO_MENU_F3_E2?KEY
  +--> ?PR?RETURN_TWO_MENU_F3_E1?KEY
  +--> ?PR?RETURN_TWO_MENU_F6_E2?KEY
  +--> ?PR?_MCURAM_TO_MCURAM_UP?TM1629
  +--> ?PR?TM1629_LOAD?TM1629
  +--> ?PR?DISPLAY?TM1629
  +--> ?PR?_SET_LOGOUT_CYCLE_TABLE?TIMER
  +--> ?PR?_SET_FUNC_INDEX?KEY

?PR?CYCLEPROCESS?TM1629                          05ACH    000EH
  +--> ?CO?TM1629
  +--> ?PR?RETURN_TWO_MENU_F6_E3?KEY
  +--> ?PR?RETURN_TWO_MENU_F6_E1?KEY
  +--> ?PR?RETURN_TWO_MENU_F5_E1?KEY
  +--> ?PR?RETURN_TWO_MENU_F4_E1?KEY
  +--> ?PR?RETURN_LOGOUT_CYCLE_TABLE?TIMER
  +--> ?PR?_MCURAM_TO_MCURAM_DOWN?TM1629
  +--> ?PR?TM1629_LOAD?TM1629
  +--> ?PR?DISPLAY?TM1629
  +--> ?PR?_SET_LOGOUT_CYCLE_TABLE?TIMER
  +--> ?PR?_SUBMENUF6_1?GD5800

?PR?_SUBMENUF6_1?GD5800                          05BAH    0011H
  +--> ?PR?RETURN_TWO_MENU_F7_E1?KEY
  +--> ?PR?RETURN_TWO_MENU_F6_E7?KEY
  +--> ?PR?_GD5800_SELECT_CHAPTER?GD5800
  +--> ?PR?_SUBMENUF6_1_VOICESELECT?GD5800

?PR?_SUBMENUF6_1_VOICESELECT?GD5800              05CBH    0004H
  +--> ?PR?_GD5800_SELECT_CHAPTER?GD5800

?PR?AWAIT_VOICE_PROCESS?DECODER                  0584H    0009H
  +--> ?PR?RETURN_TWO_MENU_F6_E1?KEY
  +--> ?PR?RETURN_AGAIN_RECEIVE_RF_DECODER_F...
  +--> ?PR?_AWAIT_VOICE_GET?DECODER
  +--> ?PR?_DELAYMULTI10MS?KEY
  +--> ?PR?_SUBMENUF6_1?GD5800
  +--> ?PR?_AWAIT_VOICE_ARRAY_FORWARD?DECODER
  +--> ?PR?RETURN_TWO_MENU_F6_E2?KEY
  +--> ?PR?_VOICE_DISPLAY_SYNCHRONOUS_FUNTIO...

?PR?_AWAIT_VOICE_GET?DECODER                     058DH    0006H

?PR?_DELAYMULTI10MS?KEY                          -----    -----
  +--> ?PR?DELAY10MS?KEY
BL51 BANKED LINKER/LOCATER V6.22                                                      03/10/2016  16:30:11  PAGE 27



?PR?_AWAIT_VOICE_ARRAY_FORWARD?DECODER           058DH    0005H
  +--> ?PR?_AWAIT_VOICE_CYCLE_UP?DECODER

?PR?_AWAIT_VOICE_CYCLE_UP?DECODER                0592H    0003H

?PR?_VOICE_DISPLAY_SYNCHRONOUS_FUNTIO...         058DH    0004H
  +--> ?PR?_SEARCH_FUNTION?TM1629
  +--> ?PR?RETURN_TWO_MENU_F3_E2?KEY
  +--> ?PR?_MCURAM_TO_MCURAM_DOWN?TM1629
  +--> ?PR?_GLOBAL_DISPLAY?TM1629

?PR?_SEARCH_FUNTION?TM1629                       0591H    000DH
  +--> ?CO?TM1629
  +--> ?PR?RETURN_TWO_MENU_F3_E2?KEY
  +--> ?PR?_MCURAM_TO_MCURAM_UP?TM1629

?C_INITSEG                                       -----    -----
  +--> ?CO?USART

*** NEW ROOT ***************************************************

?PR?UART?USART                                   05D1H    0001H
  +--> ?PR?RETURN_FUNC_INDEX?KEY
  +--> ?PR?_USART1_SENDDATA?USART

*** NEW ROOT ***************************************************

?PR?TIMER0_ISR?TIMER                             05D2H    0002H
  +--> ?PR?RETURN_FUNC_INDEX?KEY
  +--> ?PR?RETURN_TWO_MENU_FC_E1?KEY
  +--> ?PR?RETURN_AGAIN_AND_AGAIN_DECODER_TA...
  +--> ?PR?CLEAR_AGAIN_AND_AGAIN_DECODER_TAB...
  +--> ?PR?_SET_FUNC_INDEX?KEY

*** NEW ROOT ***************************************************

?PR?TIMER1_ISR?TIMER                             -----    -----
  +--> ?PR?RETURN_FUNC_INDEX?KEY
  +--> ?PR?RF_DECODE_MAIN_SJZ_TEST?EV1527
  +--> ?PR?RF_DECODE_MAIN?EV1527

?PR?RF_DECODE_MAIN_SJZ_TEST?EV1527               -----    -----
  +--> ?PR?RF_INI_RECEIVE?EV1527

?PR?RF_DECODE_MAIN?EV1527                        -----    -----
  +--> ?PR?RF_INI_RECEIVE?EV1527



SYMBOL TABLE OF MODULE:  Receiver_keil (?C_STARTUP)

  VALUE           TYPE          NAME
  ----------------------------------

  -------         MODULE        ?C_STARTUP
  C:6D96H         SEGMENT       ?C_C51STARTUP
BL51 BANKED LINKER/LOCATER V6.22                                                      03/10/2016  16:30:11  PAGE 28


  I:0022H         SEGMENT       ?STACK
  C:0000H         PUBLIC        ?C_STARTUP
  D:00E0H         SYMBOL        ACC
  D:00F0H         SYMBOL        B
  D:0083H         SYMBOL        DPH
  D:0082H         SYMBOL        DPL
  N:0000H         SYMBOL        IBPSTACK
  N:0100H         SYMBOL        IBPSTACKTOP
  N:0080H         SYMBOL        IDATALEN
  C:6D99H         SYMBOL        IDATALOOP
  N:0000H         SYMBOL        PBPSTACK
  N:0100H         SYMBOL        PBPSTACKTOP
  N:0000H         SYMBOL        PDATALEN
  N:0000H         SYMBOL        PDATASTART
  N:0000H         SYMBOL        PPAGE
  N:0000H         SYMBOL        PPAGEENABLE
  D:00A0H         SYMBOL        PPAGE_SFR
  D:0081H         SYMBOL        SP
  C:6D96H         SYMBOL        STARTUP1
  N:0000H         SYMBOL        XBPSTACK
  N:0000H         SYMBOL        XBPSTACKTOP
  N:0000H         SYMBOL        XDATALEN
  N:0000H         SYMBOL        XDATASTART
  C:0000H         LINE#         126
  C:6D96H         LINE#         133
  C:6D98H         LINE#         134
  C:6D99H         LINE#         135
  C:6D9AH         LINE#         136
  C:6D9CH         LINE#         185
  C:6D9FH         LINE#         196
  -------         ENDMOD        ?C_STARTUP

  -------         MODULE        MAIN
  C:0000H         SYMBOL        _ICE_DUMMY_
  D:0092H         PUBLIC        P1M0
  D:0091H         PUBLIC        P1M1
  D:0080H         PUBLIC        P0
  D:00B2H         PUBLIC        P3M0
  D:0090H         PUBLIC        P1
  D:00B1H         PUBLIC        P3M1
  D:00A0H         PUBLIC        P2
  D:00B0H         PUBLIC        P3
  D:00C0H         PUBLIC        P4
  D:00C8H         PUBLIC        P5
  D:00E8H         PUBLIC        P6
  D:00F8H         PUBLIC        P7
  D:00A8H         PUBLIC        IE
  D:00B8H         PUBLIC        IP
  D:00D8H         PUBLIC        CCON
  C:7A06H         PUBLIC        main
  D:0098H         PUBLIC        SCON
  D:0088H         PUBLIC        TCON
  D:00D0H         PUBLIC        PSW
  -------         PROC          MAIN
  C:7A06H         LINE#         15
  C:7A06H         LINE#         16
  C:7A06H         LINE#         21
BL51 BANKED LINKER/LOCATER V6.22                                                      03/10/2016  16:30:11  PAGE 29


  C:7A09H         LINE#         29
  C:7A0CH         LINE#         33
  C:7A0FH         LINE#         37
  C:7A12H         LINE#         41
  C:7A15H         LINE#         45
  C:7A18H         LINE#         46
  C:7A1BH         LINE#         54
  C:7A1EH         LINE#         55
  C:7A21H         LINE#         57
  C:7A21H         LINE#         58
  C:7A24H         LINE#         59
  C:7A27H         LINE#         62
  C:7A2AH         LINE#         70
  C:7A2AH         LINE#         71
  C:7A2AH         LINE#         85
  C:7A2DH         LINE#         86
  C:7A30H         LINE#         96
  C:7A33H         LINE#         98
  -------         ENDPROC       MAIN
  -------         ENDMOD        MAIN

  -------         MODULE        USART
  C:0000H         SYMBOL        _ICE_DUMMY_
  D:0080H         PUBLIC        P0
  D:0090H         PUBLIC        P1
  D:00A0H         PUBLIC        P2
  D:00B0H         PUBLIC        P3
  D:00C0H         PUBLIC        P4
  D:00C8H         PUBLIC        P5
  B:00A8H.7       PUBLIC        EA
  D:00E8H         PUBLIC        P6
  D:00F8H         PUBLIC        P7
  X:066CH         SYMBOL        SPIOK
  X:066FH         SYMBOL        OKSPI
  C:793FH         PUBLIC        _SendString
  C:856FH         PUBLIC        _SendData
  D:00A2H         PUBLIC        P_SW1
  D:00BAH         PUBLIC        P_SW2
  D:00A8H         PUBLIC        IE
  X:0672H         PUBLIC        usart1_num
  X:0673H         PUBLIC        usart2_num
  B:00A8H.4       PUBLIC        ES
  D:00B8H         PUBLIC        IP
  X:0674H         SYMBOL        OK
  B:0098H.0       PUBLIC        RI
  B:0098H.1       PUBLIC        TI
  C:64D6H         PUBLIC        Uart
  D:00D8H         PUBLIC        CCON
  C:7F2EH         PUBLIC        UsartInit
  C:78D9H         PUBLIC        _Usart1_SendString
  C:790CH         PUBLIC        _Usart2_SendString
  C:855DH         PUBLIC        _Usart1_SendData
  C:8566H         PUBLIC        _Usart2_SendData
  X:0677H         PUBLIC        usart2_enable
  D:0099H         PUBLIC        SBUF
  D:0098H         PUBLIC        SCON
  D:0088H         PUBLIC        TCON
BL51 BANKED LINKER/LOCATER V6.22                                                      03/10/2016  16:30:11  PAGE 30


  C:71ACH         PUBLIC        _uart_printf
  D:00AFH         PUBLIC        IE2
  D:008EH         PUBLIC        AUXR
  B:0021H.1       PUBLIC        busy
  D:00E0H         PUBLIC        ACC
  X:0678H         PUBLIC        usart1_begin
  X:0679H         PUBLIC        usart2_begin
  D:00D6H         PUBLIC        T2H
  B:00D0H.0       PUBLIC        P
  C:6BE3H         PUBLIC        Uart2
  D:00D7H         PUBLIC        T2L
  X:067AH         PUBLIC        usart2_data
  D:009BH         PUBLIC        S2BUF
  X:067EH         PUBLIC        usart2_right
  D:009AH         PUBLIC        S2CON
  D:00D0H         PUBLIC        PSW
  -------         PROC          UART
  -------         DO            
  X:05D1H         SYMBOL        temp
  -------         ENDDO         
  C:64D6H         LINE#         26
  C:64E3H         LINE#         28
  C:64E8H         LINE#         29
  C:64EEH         LINE#         30
  C:64EEH         LINE#         31
  C:64F0H         LINE#         33
  C:64F3H         LINE#         34
  C:6500H         LINE#         35
  C:6500H         LINE#         36
  C:6508H         LINE#         37
  C:6508H         LINE#         38
  C:650EH         LINE#         39
  C:6510H         LINE#         40
  C:6515H         LINE#         41
  C:6515H         LINE#         42
  C:6519H         LINE#         43
  C:6519H         LINE#         44
  C:651BH         LINE#         45
  C:6523H         LINE#         46
  C:6523H         LINE#         47
  C:6531H         LINE#         48
  C:6531H         LINE#         49
  C:6537H         LINE#         50
  C:653DH         LINE#         51
  C:6541H         LINE#         52
  C:6543H         LINE#         53
  C:654BH         LINE#         54
  C:654BH         LINE#         55
  C:655AH         LINE#         56
  C:6560H         LINE#         57
  C:6564H         LINE#         58
  C:6564H         LINE#         59
  C:6566H         LINE#         60
  C:656AH         LINE#         61
  C:6578H         LINE#         62
  C:6578H         LINE#         63
  C:657EH         LINE#         64
BL51 BANKED LINKER/LOCATER V6.22                                                      03/10/2016  16:30:11  PAGE 31


  C:6580H         LINE#         66
  C:6580H         LINE#         67
  C:6585H         LINE#         68
  C:6585H         LINE#         70
  C:6585H         LINE#         71
  C:6585H         LINE#         72
  C:6585H         LINE#         78
  C:6585H         LINE#         79
  C:6588H         LINE#         80
  C:6588H         LINE#         81
  C:658AH         LINE#         82
  C:658CH         LINE#         83
  C:658CH         LINE#         84
  -------         ENDPROC       UART
  -------         PROC          UART2
  -------         DO            
  D:000FH         SYMBOL        temp
  -------         ENDDO         
  C:6BE3H         LINE#         89
  C:6BF0H         LINE#         91
  C:6BF2H         LINE#         92
  C:6BF7H         LINE#         93
  C:6BF7H         LINE#         94
  C:6BFAH         LINE#         95
  C:6BFCH         LINE#         96
  C:6C04H         LINE#         97
  C:6C04H         LINE#         98
  C:6C0CH         LINE#         99
  C:6C0CH         LINE#         100
  C:6C1FH         LINE#         101
  C:6C1FH         LINE#         103
  C:6C26H         LINE#         104
  C:6C26H         LINE#         105
  C:6C2BH         LINE#         106
  C:6C2FH         LINE#         107
  C:6C34H         LINE#         108
  C:6C34H         LINE#         109
  C:6C34H         LINE#         110
  C:6C3BH         LINE#         111
  C:6C3BH         LINE#         112
  C:6C40H         LINE#         113
  C:6C44H         LINE#         114
  C:6C5BH         LINE#         115
  C:6C5BH         LINE#         116
  C:6C60H         LINE#         117
  C:6C60H         LINE#         118
  C:6C60H         LINE#         122
  C:6C60H         LINE#         123
  C:6C65H         LINE#         124
  C:6C65H         LINE#         125
  C:6C68H         LINE#         126
  C:6C6AH         LINE#         127
  C:6C6AH         LINE#         128
  -------         ENDPROC       UART2
  -------         PROC          _USART1_SENDDATA
  D:0007H         SYMBOL        dat
  C:855DH         LINE#         133
BL51 BANKED LINKER/LOCATER V6.22                                                      03/10/2016  16:30:11  PAGE 32


  C:855DH         LINE#         134
  C:855DH         LINE#         135
  C:8560H         LINE#         136
  C:8561H         LINE#         137
  C:8561H         LINE#         138
  C:8561H         LINE#         144
  C:8561H         LINE#         146
  C:8561H         LINE#         152
  C:8561H         LINE#         153
  C:8563H         LINE#         154
  C:8565H         LINE#         155
  -------         ENDPROC       _USART1_SENDDATA
  -------         PROC          _USART1_SENDSTRING
  X:06C7H         SYMBOL        s
  C:78D9H         LINE#         160
  C:78E4H         LINE#         161
  C:78E4H         LINE#         162
  C:78F4H         LINE#         163
  C:78F4H         LINE#         164
  C:7909H         LINE#         165
  C:790BH         LINE#         166
  -------         ENDPROC       _USART1_SENDSTRING
  -------         PROC          _USART2_SENDDATA
  D:0007H         SYMBOL        dat
  C:8566H         LINE#         171
  C:8566H         LINE#         172
  C:8566H         LINE#         173
  C:8569H         LINE#         174
  C:856AH         LINE#         175
  C:856AH         LINE#         176
  C:856AH         LINE#         182
  C:856AH         LINE#         184
  C:856AH         LINE#         190
  C:856AH         LINE#         191
  C:856CH         LINE#         192
  C:856EH         LINE#         193
  -------         ENDPROC       _USART2_SENDDATA
  -------         PROC          _USART2_SENDSTRING
  X:06CAH         SYMBOL        s
  C:790CH         LINE#         198
  C:7917H         LINE#         199
  C:7917H         LINE#         200
  C:7927H         LINE#         201
  C:7927H         LINE#         202
  C:793CH         LINE#         203
  C:793EH         LINE#         204
  -------         ENDPROC       _USART2_SENDSTRING
  -------         PROC          _SENDDATA
  D:0007H         SYMBOL        dat
  C:856FH         LINE#         210
  C:856FH         LINE#         211
  C:856FH         LINE#         212
  C:8572H         LINE#         213
  C:8573H         LINE#         214
  C:8573H         LINE#         215
  C:8573H         LINE#         221
  C:8573H         LINE#         223
BL51 BANKED LINKER/LOCATER V6.22                                                      03/10/2016  16:30:11  PAGE 33


  C:8573H         LINE#         229
  C:8573H         LINE#         230
  C:8575H         LINE#         231
  C:8577H         LINE#         232
  -------         ENDPROC       _SENDDATA
  -------         PROC          _SENDSTRING
  X:06CDH         SYMBOL        s
  C:793FH         LINE#         237
  C:794AH         LINE#         238
  C:794AH         LINE#         239
  C:795AH         LINE#         240
  C:795AH         LINE#         241
  C:796FH         LINE#         242
  C:7971H         LINE#         243
  -------         ENDPROC       _SENDSTRING
  -------         PROC          USARTINIT
  C:7F2EH         LINE#         246
  C:7F2EH         LINE#         247
  C:7F2EH         LINE#         248
  C:7F30H         LINE#         249
  C:7F32H         LINE#         250
  C:7F34H         LINE#         262
  C:7F37H         LINE#         266
  C:7F3AH         LINE#         274
  C:7F3DH         LINE#         282
  C:7F40H         LINE#         283
  C:7F43H         LINE#         284
  C:7F46H         LINE#         285
  C:7F49H         LINE#         286
  C:7F4BH         LINE#         287
  C:7F4EH         LINE#         288
  C:7F50H         LINE#         293
  -------         ENDPROC       USARTINIT
  -------         PROC          _UART_PRINTF
[...]
  D:00E8H         PUBLIC        P6
  D:00F8H         PUBLIC        P7
  D:00A8H         PUBLIC        IE
  D:00B8H         PUBLIC        IP
  D:00D8H         PUBLIC        CCON
  D:0098H         PUBLIC        SCON
  D:0088H         PUBLIC        TCON
  C:45D4H         PUBLIC        _mcu_to_computer
  D:00D0H         PUBLIC        PSW
  -------         PROC          _MCU_TO_COMPUTER
  X:06ADH         SYMBOL        call_type
  X:06AEH         SYMBOL        number
  X:06B1H         SYMBOL        key_type
  -------         DO            
  X:06B2H         SYMBOL        temp1
  X:06B3H         SYMBOL        temp2
  X:06B4H         SYMBOL        key
  X:06B5H         SYMBOL        sec
  X:06B6H         SYMBOL        hour
  X:06B7H         SYMBOL        min
  -------         ENDDO         
  C:45D4H         LINE#         5
  C:45E2H         LINE#         6
  C:45E2H         LINE#         7
  C:45EBH         LINE#         9
  C:45F1H         LINE#         10
  C:45F4H         LINE#         12
  C:45F9H         LINE#         13
  C:45FEH         LINE#         14
  C:4603H         LINE#         15
  C:4608H         LINE#         16
  C:460DH         LINE#         17
  C:4615H         LINE#         18
  C:461AH         LINE#         20
  C:463BH         LINE#         21
  C:4650H         LINE#         22
  C:4653H         LINE#         23
  C:465BH         LINE#         25
  C:46A3H         LINE#         26
  C:46A3H         LINE#         27
  C:46A3H         LINE#         28
  C:46A8H         LINE#         29
  C:46A8H         LINE#         30
  C:46AAH         LINE#         31
  C:46AAH         LINE#         32
  C:46AFH         LINE#         33
  C:46AFH         LINE#         34
  C:46B1H         LINE#         35
  C:46B1H         LINE#         36
  C:46B6H         LINE#         37
  C:46B6H         LINE#         38
  C:46B8H         LINE#         39
  C:46B8H         LINE#         40
  C:46BDH         LINE#         41
  C:46BDH         LINE#         42
  C:46BFH         LINE#         43
BL51 BANKED LINKER/LOCATER V6.22                                                      03/10/2016  16:30:11  PAGE 162


  C:46BFH         LINE#         44
  C:46C4H         LINE#         45
  C:46C4H         LINE#         46
  C:46C6H         LINE#         47
  C:46C6H         LINE#         48
  C:46CBH         LINE#         49
  C:46CBH         LINE#         50
  C:46CDH         LINE#         51
  C:46CDH         LINE#         52
  C:46D2H         LINE#         53
  C:46D2H         LINE#         54
  C:46D4H         LINE#         55
  C:46D4H         LINE#         56
  C:46D9H         LINE#         57
  C:46D9H         LINE#         58
  C:46DBH         LINE#         59
  C:46DBH         LINE#         60
  C:46E0H         LINE#         61
  C:46E0H         LINE#         62
  C:46E2H         LINE#         63
  C:46E2H         LINE#         64
  C:46E7H         LINE#         65
  C:46E7H         LINE#         66
  C:46E9H         LINE#         67
  C:46E9H         LINE#         68
  C:46EEH         LINE#         69
  C:46EEH         LINE#         70
  C:46F0H         LINE#         71
  C:46F0H         LINE#         72
  C:46F5H         LINE#         73
  C:46F5H         LINE#         74
  C:46F7H         LINE#         75
  C:46F7H         LINE#         76
  C:46FCH         LINE#         77
  C:46FCH         LINE#         78
  C:46FEH         LINE#         79
  C:46FEH         LINE#         80
  C:4703H         LINE#         81
  C:4703H         LINE#         82
  C:4705H         LINE#         83
  C:4705H         LINE#         84
  C:470AH         LINE#         85
  C:470AH         LINE#         86
  C:470CH         LINE#         87
  C:470CH         LINE#         88
  C:4711H         LINE#         89
  C:4715H         LINE#         90
  C:4715H         LINE#         91
  C:4715H         LINE#         96
  C:471AH         LINE#         97
  C:471FH         LINE#         99
  C:4734H         LINE#         100
  C:4748H         LINE#         101
  C:475CH         LINE#         103
  C:4761H         LINE#         104
  C:4769H         LINE#         105
  C:4771H         LINE#         107
BL51 BANKED LINKER/LOCATER V6.22                                                      03/10/2016  16:30:11  PAGE 163


  C:4799H         LINE#         110
  -------         ENDPROC       _MCU_TO_COMPUTER
  -------         ENDMOD        COM

  -------         MODULE        PRINTER
  C:0000H         SYMBOL        _ICE_DUMMY_
  D:0080H         PUBLIC        P0
  D:0090H         PUBLIC        P1
  D:00A0H         PUBLIC        P2
  D:00B0H         PUBLIC        P3
  D:00C0H         PUBLIC        P4
  D:00C8H         PUBLIC        P5
  D:00E8H         PUBLIC        P6
  D:00F8H         PUBLIC        P7
  D:00A8H         PUBLIC        IE
  D:00B8H         PUBLIC        IP
  D:00D8H         PUBLIC        CCON
  C:830BH         PUBLIC        _printer58mm_setmode
  D:0098H         PUBLIC        SCON
  D:0088H         PUBLIC        TCON
  C:4407H         PUBLIC        printer58mm_print
  D:00D0H         PUBLIC        PSW
  -------         PROC          PRINTER58MM_PRINT
  -------         DO            
  X:0588H         SYMBOL        i
  X:0589H         SYMBOL        temp
  -------         ENDDO         
  C:4407H         LINE#         30
  C:4407H         LINE#         31
  C:4407H         LINE#         32
  C:440EH         LINE#         34
  C:4413H         LINE#         35
  C:4418H         LINE#         38
  C:441DH         LINE#         39
  C:4422H         LINE#         40
  C:4427H         LINE#         42
  C:442CH         LINE#         43
  C:4431H         LINE#         44
  C:4436H         LINE#         45
  C:443BH         LINE#         46
  C:4440H         LINE#         47
  C:4445H         LINE#         48
  C:444AH         LINE#         50
  C:444FH         LINE#         51
  C:4454H         LINE#         53
  C:4459H         LINE#         54
  C:445EH         LINE#         55
  C:4463H         LINE#         57
  C:4468H         LINE#         58
  C:446DH         LINE#         59
  C:4472H         LINE#         60
  C:4477H         LINE#         62
  C:448DH         LINE#         63
  C:4492H         LINE#         64
  C:44B5H         LINE#         65
  C:44BAH         LINE#         66
  C:44D0H         LINE#         67
BL51 BANKED LINKER/LOCATER V6.22                                                      03/10/2016  16:30:11  PAGE 164


  C:44D5H         LINE#         69
  C:44DAH         LINE#         70
  C:44DFH         LINE#         71
  C:44E4H         LINE#         73
  C:44E9H         LINE#         74
  C:44EEH         LINE#         76
  C:44F3H         LINE#         77
  C:44F8H         LINE#         78
  C:44FDH         LINE#         79
  C:4502H         LINE#         80
  C:4507H         LINE#         81
  C:450CH         LINE#         82
  C:4511H         LINE#         83
  C:4516H         LINE#         84
  C:451BH         LINE#         85
  C:4520H         LINE#         86
  C:4525H         LINE#         87
  C:452AH         LINE#         89
  C:4547H         LINE#         90
  C:4547H         LINE#         91
  C:4548H         LINE#         92
  C:454AH         LINE#         94
  C:454AH         LINE#         95
  C:4552H         LINE#         96
  C:4552H         LINE#         97
  C:4560H         LINE#         98
  C:4574H         LINE#         99
  C:4584H         LINE#         102
  C:4589H         LINE#         104
  C:458EH         LINE#         105
  C:4593H         LINE#         106
  C:4598H         LINE#         108
  C:459DH         LINE#         109
  C:45A2H         LINE#         110
  C:45A7H         LINE#         112
  C:45ACH         LINE#         113
  C:45B1H         LINE#         114
  C:45B6H         LINE#         116
  C:45BBH         LINE#         117
  C:45C0H         LINE#         118
  C:45C5H         LINE#         120
  C:45CAH         LINE#         121
  C:45CFH         LINE#         122
  -------         ENDPROC       PRINTER58MM_PRINT
  -------         PROC          _PRINTER58MM_SETMODE
  X:06D0H         SYMBOL        mode
  C:830BH         LINE#         130
  C:8310H         LINE#         131
  C:8310H         LINE#         132
  C:8315H         LINE#         133
  C:831AH         LINE#         134
  -------         ENDPROC       _PRINTER58MM_SETMODE
  -------         ENDMOD        PRINTER

  -------         MODULE        PCA
  C:0000H         SYMBOL        _ICE_DUMMY_
  D:0080H         PUBLIC        P0
BL51 BANKED LINKER/LOCATER V6.22                                                      03/10/2016  16:30:11  PAGE 165


  D:0090H         PUBLIC        P1
  D:00A0H         PUBLIC        P2
  D:00B0H         PUBLIC        P3
  D:00C0H         PUBLIC        P4
  C:7527H         PUBLIC        PCA_isr
  D:00C8H         PUBLIC        P5
  B:00A8H.7       PUBLIC        EA
  D:00E8H         PUBLIC        P6
  D:00F8H         PUBLIC        P7
  D:00F9H         PUBLIC        CH
  D:00A2H         PUBLIC        P_SW1
  D:00A8H         PUBLIC        IE
  D:00E9H         PUBLIC        CL
  D:00FAH         PUBLIC        CCAP0H
  D:00EAH         PUBLIC        CCAP0L
  B:00D8H.6       PUBLIC        CR
  D:00DAH         PUBLIC        CCAPM0
  D:00B8H         PUBLIC        IP
  X:06B8H         PUBLIC        flag
  B:0021H.3       PUBLIC        OP
  X:06B9H         PUBLIC        value_send_delay
  X:06BBH         PUBLIC        value
  D:00D9H         PUBLIC        CMOD
  D:00D8H         PUBLIC        CCON
  X:06BDH         PUBLIC        count
  B:0090H.2       PUBLIC        P12
  D:0098H         PUBLIC        SCON
  D:0088H         PUBLIC        TCON
  B:00B0H.5       PUBLIC        P35
  C:3E74H         PUBLIC        _SendIRdata
  D:00E0H         PUBLIC        ACC
  C:74DAH         PUBLIC        pca_timer_init
  X:06BFH         PUBLIC        endcount
  D:00D0H         PUBLIC        PSW
  B:00D8H.0       PUBLIC        CCF0
  -------         PROC          PCA_ISR
  C:7527H         LINE#         12
  C:7532H         LINE#         14
  C:7534H         LINE#         15
  C:753DH         LINE#         16
  C:7540H         LINE#         17
  C:754BH         LINE#         18
  C:7559H         LINE#         19
  C:7560H         LINE#         21
  C:7560H         LINE#         23
  C:7562H         LINE#         25
  C:7564H         LINE#         29
  C:7564H         LINE#         31
  C:7566H         LINE#         33
  C:7566H         LINE#         35
  C:756AH         LINE#         39
  -------         ENDPROC       PCA_ISR
  -------         PROC          PCA_TIMER_INIT
  C:74DAH         LINE#         41
  C:74DAH         LINE#         42
  C:74DAH         LINE#         43
  C:74E1H         LINE#         45
BL51 BANKED LINKER/LOCATER V6.22                                                      03/10/2016  16:30:11  PAGE 166


  C:74E5H         LINE#         47
  C:74E7H         LINE#         49
  C:74E9H         LINE#         51
  C:74EBH         LINE#         53
  C:74EDH         LINE#         54
  C:74EFH         LINE#         55
  C:74F1H         LINE#         57
  C:74F4H         LINE#         61
  C:74F6H         LINE#         62
  C:74F8H         LINE#         63
  C:74FAH         LINE#         65
  C:7502H         LINE#         67
  C:750AH         LINE#         68
  C:7513H         LINE#         69
  C:7516H         LINE#         70
  C:7521H         LINE#         71
  C:7524H         LINE#         73
  C:7526H         LINE#         74
  -------         ENDPROC       PCA_TIMER_INIT
  -------         PROC          _SENDIRDATA
  D:0007H         SYMBOL        id_data_3
  X:0588H         SYMBOL        id_data_2
  X:0589H         SYMBOL        id_data_1
  -------         DO            
  D:0006H         SYMBOL        i
  D:0001H         SYMBOL        id_data
  -------         ENDDO         
  C:3E74H         LINE#         76
  C:3E7CH         LINE#         78
  C:3E7CH         LINE#         86
  C:3E84H         LINE#         88
  C:3E88H         LINE#         89
  C:3E8FH         LINE#         91
  C:3EA4H         LINE#         94
  C:3EADH         LINE#         96
  C:3EB2H         LINE#         98
  C:3EB8H         LINE#         100
  C:3ECDH         LINE#         104
  C:3ECFH         LINE#         106
  C:3ED2H         LINE#         108
  C:3ED2H         LINE#         109
  C:3ED9H         LINE#         111
  C:3ED9H         LINE#         112
  C:3EDFH         LINE#         113
  C:3EE5H         LINE#         114
  C:3EE7H         LINE#         118
  C:3EE7H         LINE#         120
  C:3EECH         LINE#         121
  C:3EF0H         LINE#         122
  C:3EF0H         LINE#         126
  C:3EF7H         LINE#         128
  C:3F0CH         LINE#         130
  C:3F1AH         LINE#         132
  C:3F1FH         LINE#         134
  C:3F25H         LINE#         136
  C:3F3AH         LINE#         138
  C:3F3EH         LINE#         140
BL51 BANKED LINKER/LOCATER V6.22                                                      03/10/2016  16:30:11  PAGE 167


  C:3F49H         LINE#         144
  C:3F4EH         LINE#         146
  C:3F51H         LINE#         148
  C:3F51H         LINE#         149
  C:3F58H         LINE#         151
  C:3F58H         LINE#         153
  C:3F5EH         LINE#         154
  C:3F64H         LINE#         155
  C:3F66H         LINE#         159
  C:3F66H         LINE#         161
  C:3F6BH         LINE#         162
  C:3F6FH         LINE#         163
  C:3F6FH         LINE#         165
  C:3F75H         LINE#         167
  C:3F7CH         LINE#         169
  C:3F91H         LINE#         171
  C:3F9FH         LINE#         173
  C:3FA4H         LINE#         175
  C:3FAAH         LINE#         177
  C:3FBFH         LINE#         179
  C:3FC3H         LINE#         181
  C:3FCEH         LINE#         185
  C:3FD3H         LINE#         187
  C:3FD6H         LINE#         189
  C:3FD6H         LINE#         190
  C:3FDDH         LINE#         192
  C:3FDDH         LINE#         194
  C:3FE3H         LINE#         195
  C:3FE9H         LINE#         196
  C:3FEBH         LINE#         200
  C:3FEBH         LINE#         202
  C:3FF0H         LINE#         203
  C:3FF4H         LINE#         204
  C:3FF4H         LINE#         206
  C:3FFAH         LINE#         208
  C:4001H         LINE#         210
  C:4016H         LINE#         212
  C:4024H         LINE#         214
  C:4029H         LINE#         216
  C:402FH         LINE#         218
  C:4044H         LINE#         220
  C:4048H         LINE#         222
  C:4053H         LINE#         223
  -------         ENDPROC       _SENDIRDATA
  -------         ENDMOD        PCA

  -------         MODULE        ?C?COPY
  C:2A66H         PUBLIC        ?C?COPY
  -------         ENDMOD        ?C?COPY

  -------         MODULE        ?C?CLDPTR
  C:2A8CH         PUBLIC        ?C?CLDPTR
  -------         ENDMOD        ?C?CLDPTR

  -------         MODULE        ?C?CLDOPTR
  C:2AA5H         PUBLIC        ?C?CLDOPTR
  -------         ENDMOD        ?C?CLDOPTR
BL51 BANKED LINKER/LOCATER V6.22                                                      03/10/2016  16:30:11  PAGE 168



  -------         MODULE        ?C?CSTPTR
  C:2AD2H         PUBLIC        ?C?CSTPTR
  -------         ENDMOD        ?C?CSTPTR

  -------         MODULE        ?C?CSTOPTR
  C:2AE4H         PUBLIC        ?C?CSTOPTR
  -------         ENDMOD        ?C?CSTOPTR

  -------         MODULE        ?C?IMUL
  C:2B06H         PUBLIC        ?C?IMUL
  -------         ENDMOD        ?C?IMUL

  -------         MODULE        ?C?UIDIV
  C:2B18H         PUBLIC        ?C?UIDIV
  -------         ENDMOD        ?C?UIDIV

  -------         MODULE        ?C?ILDIX
  C:2B6DH         PUBLIC        ?C?ILDIX
  -------         ENDMOD        ?C?ILDIX

  -------         MODULE        ?C?ULCMP
  C:2B83H         PUBLIC        ?C?ULCMP
  -------         ENDMOD        ?C?ULCMP

  -------         MODULE        ?C?LSHL
  C:2B94H         PUBLIC        ?C?LSHL
  -------         ENDMOD        ?C?LSHL

  -------         MODULE        ?C?LLDPTR
  C:2BA7H         PUBLIC        ?C?LLDPTR
  -------         ENDMOD        ?C?LLDPTR

  -------         MODULE        ?C?LLDOPTR
  C:2BC7H         PUBLIC        ?C?LLDOPTR
  -------         ENDMOD        ?C?LLDOPTR

  -------         MODULE        ?C?LSTPTR
  C:2BF7H         PUBLIC        ?C?LSTPTR
  -------         ENDMOD        ?C?LSTPTR

  -------         MODULE        ?C?LSTXDATA
  C:2C11H         PUBLIC        ?C?LSTXDATA
  -------         ENDMOD        ?C?LSTXDATA

  -------         MODULE        ?C?CCASE
  C:2C1DH         PUBLIC        ?C?CCASE
  -------         ENDMOD        ?C?CCASE

  -------         MODULE        ?C?ICALL
  C:2C43H         PUBLIC        ?C?ICALL
  C:2C47H         PUBLIC        ?C?ICALL2
  -------         ENDMOD        ?C?ICALL

  -------         MODULE        ?C?STRCMP
  C:2DC7H         PUBLIC        ?C?STRCMP
  -------         ENDMOD        ?C?STRCMP
BL51 BANKED LINKER/LOCATER V6.22                                                      03/10/2016  16:30:11  PAGE 169



  -------         MODULE        ?C?MEMSET
  C:2DE4H         PUBLIC        ?C?MEMSET
  -------         ENDMOD        ?C?MEMSET

  -------         MODULE        VSPRINTF
  X:06BEH         PUBLIC        ?_VSPRINTF?BYTE
  C:75BDH         PUBLIC        _VSPRINTF
  -------         ENDMOD        VSPRINTF

  -------         MODULE        ?C?LLDIDATA
  C:2E10H         PUBLIC        ?C?LLDIDATA
  -------         ENDMOD        ?C?LLDIDATA

  -------         MODULE        ?C?LLDXDATA
  C:2E1CH         PUBLIC        ?C?LLDXDATA
  -------         ENDMOD        ?C?LLDXDATA

  -------         MODULE        ?C?LLDPDATA
  C:2E28H         PUBLIC        ?C?LLDPDATA
  -------         ENDMOD        ?C?LLDPDATA

  -------         MODULE        ?C?LLDCODE
  C:2E34H         PUBLIC        ?C?LLDCODE
  -------         ENDMOD        ?C?LLDCODE

  -------         MODULE        ?C?LSTIDATA
  C:2E44H         PUBLIC        ?C?LSTIDATA
  -------         ENDMOD        ?C?LSTIDATA

  -------         MODULE        ?C?LSTPDATA
  C:2E50H         PUBLIC        ?C?LSTPDATA
  -------         ENDMOD        ?C?LSTPDATA

  -------         MODULE        PRINTF
  X:061FH         PUBLIC        ?_PRINTF517?BYTE
  X:061FH         PUBLIC        ?_PRINTF?BYTE
  X:061FH         PUBLIC        ?_SPRINTF517?BYTE
  X:061FH         PUBLIC        ?_SPRINTF?BYTE
  C:2EE7H         PUBLIC        _PRINTF
  C:2EE7H         PUBLIC        _PRINTF517
  C:2EE1H         PUBLIC        _SPRINTF
  C:2EE1H         PUBLIC        _SPRINTF517
  -------         ENDMOD        PRINTF

  -------         MODULE        ?C?PLDIXDATA
  C:2E5CH         PUBLIC        ?C?PLDIXDATA
  -------         ENDMOD        ?C?PLDIXDATA

  -------         MODULE        ?C?PSTXDATA
  C:2E73H         PUBLIC        ?C?PSTXDATA
  -------         ENDMOD        ?C?PSTXDATA

  -------         MODULE        PUTCHAR
  C:7E4FH         PUBLIC        _PUTCHAR
  -------         ENDMOD        PUTCHAR

BL51 BANKED LINKER/LOCATER V6.22                                                      03/10/2016  16:30:11  PAGE 170


*** WARNING L16: UNCALLED SEGMENT, IGNORED FOR OVERLAY PROCESS
    SEGMENT: ?PR?_USART2_SENDSTRING?USART

*** WARNING L16: UNCALLED SEGMENT, IGNORED FOR OVERLAY PROCESS
    SEGMENT: ?PR?_SENDSTRING?USART

*** WARNING L16: UNCALLED SEGMENT, IGNORED FOR OVERLAY PROCESS
    SEGMENT: ?PR?_UART_PRINTF?USART

*** WARNING L16: UNCALLED SEGMENT, IGNORED FOR OVERLAY PROCESS
    SEGMENT: ?PR?ENV_INIT?KEY

*** WARNING L16: UNCALLED SEGMENT, IGNORED FOR OVERLAY PROCESS
    SEGMENT: ?PR?_DELAYMS?AT24C256

*** WARNING L16: UNCALLED SEGMENT, IGNORED FOR OVERLAY PROCESS
    SEGMENT: ?PR?GD5800_PLAY_MUSIC?GD5800

*** WARNING L16: UNCALLED SEGMENT, IGNORED FOR OVERLAY PROCESS
    SEGMENT: ?PR?_MCU_TO_COMPUTER?COM

*** WARNING L16: UNCALLED SEGMENT, IGNORED FOR OVERLAY PROCESS
    SEGMENT: ?PR?_PRINTER58MM_SETMODE?PRINTER

Program Size: data=23.4 xdata=1745 code=34694
LINK/LOCATE RUN COMPLETE.  8 WARNING(S),  0 ERROR(S)
